Archive member included to satisfy reference by file (symbol)

d:/stm32cubeide1.4.0/stm32cubeide_1.4.0/stm32cubeide/plugins/com.st.stm32cube.ide.mcu.externaltools.gnu-tools-for-stm32.7-2018-q2-update.win32_1.4.0.202007081208/tools/bin/../lib/gcc/arm-none-eabi/7.3.1/../../../../arm-none-eabi/lib/thumb/v7e-m/fpv4-sp/hard\libc_nano.a(lib_a-efgcvt.o)
                              Src/main.o (gcvt)
d:/stm32cubeide1.4.0/stm32cubeide_1.4.0/stm32cubeide/plugins/com.st.stm32cube.ide.mcu.externaltools.gnu-tools-for-stm32.7-2018-q2-update.win32_1.4.0.202007081208/tools/bin/../lib/gcc/arm-none-eabi/7.3.1/../../../../arm-none-eabi/lib/thumb/v7e-m/fpv4-sp/hard\libc_nano.a(lib_a-errno.o)
                              Src/syscalls.o (__errno)
d:/stm32cubeide1.4.0/stm32cubeide_1.4.0/stm32cubeide/plugins/com.st.stm32cube.ide.mcu.externaltools.gnu-tools-for-stm32.7-2018-q2-update.win32_1.4.0.202007081208/tools/bin/../lib/gcc/arm-none-eabi/7.3.1/../../../../arm-none-eabi/lib/thumb/v7e-m/fpv4-sp/hard\libc_nano.a(lib_a-exit.o)
                              d:/stm32cubeide1.4.0/stm32cubeide_1.4.0/stm32cubeide/plugins/com.st.stm32cube.ide.mcu.externaltools.gnu-tools-for-stm32.7-2018-q2-update.win32_1.4.0.202007081208/tools/bin/../lib/gcc/arm-none-eabi/7.3.1/../../../../arm-none-eabi/lib/thumb/v7e-m/fpv4-sp/hard/crt0.o (exit)
d:/stm32cubeide1.4.0/stm32cubeide_1.4.0/stm32cubeide/plugins/com.st.stm32cube.ide.mcu.externaltools.gnu-tools-for-stm32.7-2018-q2-update.win32_1.4.0.202007081208/tools/bin/../lib/gcc/arm-none-eabi/7.3.1/../../../../arm-none-eabi/lib/thumb/v7e-m/fpv4-sp/hard\libc_nano.a(lib_a-impure.o)
                              d:/stm32cubeide1.4.0/stm32cubeide_1.4.0/stm32cubeide/plugins/com.st.stm32cube.ide.mcu.externaltools.gnu-tools-for-stm32.7-2018-q2-update.win32_1.4.0.202007081208/tools/bin/../lib/gcc/arm-none-eabi/7.3.1/../../../../arm-none-eabi/lib/thumb/v7e-m/fpv4-sp/hard\libc_nano.a(lib_a-exit.o) (_global_impure_ptr)
d:/stm32cubeide1.4.0/stm32cubeide_1.4.0/stm32cubeide/plugins/com.st.stm32cube.ide.mcu.externaltools.gnu-tools-for-stm32.7-2018-q2-update.win32_1.4.0.202007081208/tools/bin/../lib/gcc/arm-none-eabi/7.3.1/../../../../arm-none-eabi/lib/thumb/v7e-m/fpv4-sp/hard\libc_nano.a(lib_a-init.o)
                              d:/stm32cubeide1.4.0/stm32cubeide_1.4.0/stm32cubeide/plugins/com.st.stm32cube.ide.mcu.externaltools.gnu-tools-for-stm32.7-2018-q2-update.win32_1.4.0.202007081208/tools/bin/../lib/gcc/arm-none-eabi/7.3.1/../../../../arm-none-eabi/lib/thumb/v7e-m/fpv4-sp/hard/crt0.o (__libc_init_array)
d:/stm32cubeide1.4.0/stm32cubeide_1.4.0/stm32cubeide/plugins/com.st.stm32cube.ide.mcu.externaltools.gnu-tools-for-stm32.7-2018-q2-update.win32_1.4.0.202007081208/tools/bin/../lib/gcc/arm-none-eabi/7.3.1/../../../../arm-none-eabi/lib/thumb/v7e-m/fpv4-sp/hard\libc_nano.a(lib_a-memset.o)
                              d:/stm32cubeide1.4.0/stm32cubeide_1.4.0/stm32cubeide/plugins/com.st.stm32cube.ide.mcu.externaltools.gnu-tools-for-stm32.7-2018-q2-update.win32_1.4.0.202007081208/tools/bin/../lib/gcc/arm-none-eabi/7.3.1/../../../../arm-none-eabi/lib/thumb/v7e-m/fpv4-sp/hard/crt0.o (memset)
d:/stm32cubeide1.4.0/stm32cubeide_1.4.0/stm32cubeide/plugins/com.st.stm32cube.ide.mcu.externaltools.gnu-tools-for-stm32.7-2018-q2-update.win32_1.4.0.202007081208/tools/bin/../lib/gcc/arm-none-eabi/7.3.1/../../../../arm-none-eabi/lib/thumb/v7e-m/fpv4-sp/hard\libc_nano.a(lib_a-sprintf.o)
                              Src/main.o (sprintf)
d:/stm32cubeide1.4.0/stm32cubeide_1.4.0/stm32cubeide/plugins/com.st.stm32cube.ide.mcu.externaltools.gnu-tools-for-stm32.7-2018-q2-update.win32_1.4.0.202007081208/tools/bin/../lib/gcc/arm-none-eabi/7.3.1/../../../../arm-none-eabi/lib/thumb/v7e-m/fpv4-sp/hard\libc_nano.a(lib_a-strcat.o)
                              Src/main.o (strcat)
d:/stm32cubeide1.4.0/stm32cubeide_1.4.0/stm32cubeide/plugins/com.st.stm32cube.ide.mcu.externaltools.gnu-tools-for-stm32.7-2018-q2-update.win32_1.4.0.202007081208/tools/bin/../lib/gcc/arm-none-eabi/7.3.1/../../../../arm-none-eabi/lib/thumb/v7e-m/fpv4-sp/hard\libc_nano.a(lib_a-ecvtbuf.o)
                              d:/stm32cubeide1.4.0/stm32cubeide_1.4.0/stm32cubeide/plugins/com.st.stm32cube.ide.mcu.externaltools.gnu-tools-for-stm32.7-2018-q2-update.win32_1.4.0.202007081208/tools/bin/../lib/gcc/arm-none-eabi/7.3.1/../../../../arm-none-eabi/lib/thumb/v7e-m/fpv4-sp/hard\libc_nano.a(lib_a-efgcvt.o) (fcvtbuf)
d:/stm32cubeide1.4.0/stm32cubeide_1.4.0/stm32cubeide/plugins/com.st.stm32cube.ide.mcu.externaltools.gnu-tools-for-stm32.7-2018-q2-update.win32_1.4.0.202007081208/tools/bin/../lib/gcc/arm-none-eabi/7.3.1/../../../../arm-none-eabi/lib/thumb/v7e-m/fpv4-sp/hard\libc_nano.a(lib_a-mprec.o)
[...]
Memory Configuration

Name             Origin             Length             Attributes
FLASH            0x0000000008000000 0x0000000000010000 xr
CCMRAM           0x0000000010000000 0x0000000000001000 xrw
RAM              0x0000000020000000 0x0000000000003000 xrw
*default*        0x0000000000000000 0xffffffffffffffff

Linker script and memory map

LOAD d:/stm32cubeide1.4.0/stm32cubeide_1.4.0/stm32cubeide/plugins/com.st.stm32cube.ide.mcu.externaltools.gnu-tools-for-stm32.7-2018-q2-update.win32_1.4.0.202007081208/tools/bin/../lib/gcc/arm-none-eabi/7.3.1/thumb/v7e-m/fpv4-sp/hard/crti.o
LOAD d:/stm32cubeide1.4.0/stm32cubeide_1.4.0/stm32cubeide/plugins/com.st.stm32cube.ide.mcu.externaltools.gnu-tools-for-stm32.7-2018-q2-update.win32_1.4.0.202007081208/tools/bin/../lib/gcc/arm-none-eabi/7.3.1/thumb/v7e-m/fpv4-sp/hard/crtbegin.o
LOAD d:/stm32cubeide1.4.0/stm32cubeide_1.4.0/stm32cubeide/plugins/com.st.stm32cube.ide.mcu.externaltools.gnu-tools-for-stm32.7-2018-q2-update.win32_1.4.0.202007081208/tools/bin/../lib/gcc/arm-none-eabi/7.3.1/../../../../arm-none-eabi/lib/thumb/v7e-m/fpv4-sp/hard/crt0.o
LOAD Drivers/STM32F3xx_HAL_Driver/Src/stm32f3xx_ll_dma.o
LOAD Drivers/STM32F3xx_HAL_Driver/Src/stm32f3xx_ll_exti.o
LOAD Drivers/STM32F3xx_HAL_Driver/Src/stm32f3xx_ll_gpio.o
LOAD Drivers/STM32F3xx_HAL_Driver/Src/stm32f3xx_ll_rcc.o
LOAD Drivers/STM32F3xx_HAL_Driver/Src/stm32f3xx_ll_usart.o
LOAD Drivers/STM32F3xx_HAL_Driver/Src/stm32f3xx_ll_utils.o
LOAD Src/dma.o
LOAD Src/gpio.o
LOAD Src/main.o
LOAD Src/stm32f3xx_it.o
LOAD Src/syscalls.o
LOAD Src/sysmem.o
LOAD Src/system_stm32f3xx.o
LOAD Src/usart.o
LOAD Startup/startup_stm32f303k8tx.o
START GROUP
LOAD d:/stm32cubeide1.4.0/stm32cubeide_1.4.0/stm32cubeide/plugins/com.st.stm32cube.ide.mcu.externaltools.gnu-tools-for-stm32.7-2018-q2-update.win32_1.4.0.202007081208/tools/bin/../lib/gcc/arm-none-eabi/7.3.1/../../../../arm-none-eabi/lib/thumb/v7e-m/fpv4-sp/hard\libc_nano.a
LOAD d:/stm32cubeide1.4.0/stm32cubeide_1.4.0/stm32cubeide/plugins/com.st.stm32cube.ide.mcu.externaltools.gnu-tools-for-stm32.7-2018-q2-update.win32_1.4.0.202007081208/tools/bin/../lib/gcc/arm-none-eabi/7.3.1/../../../../arm-none-eabi/lib/thumb/v7e-m/fpv4-sp/hard\libm.a
END GROUP
START GROUP
LOAD d:/stm32cubeide1.4.0/stm32cubeide_1.4.0/stm32cubeide/plugins/com.st.stm32cube.ide.mcu.externaltools.gnu-tools-for-stm32.7-2018-q2-update.win32_1.4.0.202007081208/tools/bin/../lib/gcc/arm-none-eabi/7.3.1/thumb/v7e-m/fpv4-sp/hard\libgcc.a
LOAD d:/stm32cubeide1.4.0/stm32cubeide_1.4.0/stm32cubeide/plugins/com.st.stm32cube.ide.mcu.externaltools.gnu-tools-for-stm32.7-2018-q2-update.win32_1.4.0.202007081208/tools/bin/../lib/gcc/arm-none-eabi/7.3.1/../../../../arm-none-eabi/lib/thumb/v7e-m/fpv4-sp/hard\libc_nano.a
END GROUP
START GROUP
LOAD d:/stm32cubeide1.4.0/stm32cubeide_1.4.0/stm32cubeide/plugins/com.st.stm32cube.ide.mcu.externaltools.gnu-tools-for-stm32.7-2018-q2-update.win32_1.4.0.202007081208/tools/bin/../lib/gcc/arm-none-eabi/7.3.1/thumb/v7e-m/fpv4-sp/hard\libgcc.a
LOAD d:/stm32cubeide1.4.0/stm32cubeide_1.4.0/stm32cubeide/plugins/com.st.stm32cube.ide.mcu.externaltools.gnu-tools-for-stm32.7-2018-q2-update.win32_1.4.0.202007081208/tools/bin/../lib/gcc/arm-none-eabi/7.3.1/../../../../arm-none-eabi/lib/thumb/v7e-m/fpv4-sp/hard\libc_nano.a
LOAD d:/stm32cubeide1.4.0/stm32cubeide_1.4.0/stm32cubeide/plugins/com.st.stm32cube.ide.mcu.externaltools.gnu-tools-for-stm32.7-2018-q2-update.win32_1.4.0.202007081208/tools/bin/../lib/gcc/arm-none-eabi/7.3.1/../../../../arm-none-eabi/lib/thumb/v7e-m/fpv4-sp/hard\libnosys.a
END GROUP
START GROUP
LOAD d:/stm32cubeide1.4.0/stm32cubeide_1.4.0/stm32cubeide/plugins/com.st.stm32cube.ide.mcu.externaltools.gnu-tools-for-stm32.7-2018-q2-update.win32_1.4.0.202007081208/tools/bin/../lib/gcc/arm-none-eabi/7.3.1/thumb/v7e-m/fpv4-sp/hard\libgcc.a
LOAD d:/stm32cubeide1.4.0/stm32cubeide_1.4.0/stm32cubeide/plugins/com.st.stm32cube.ide.mcu.externaltools.gnu-tools-for-stm32.7-2018-q2-update.win32_1.4.0.202007081208/tools/bin/../lib/gcc/arm-none-eabi/7.3.1/../../../../arm-none-eabi/lib/thumb/v7e-m/fpv4-sp/hard\libc_nano.a
LOAD d:/stm32cubeide1.4.0/stm32cubeide_1.4.0/stm32cubeide/plugins/com.st.stm32cube.ide.mcu.externaltools.gnu-tools-for-stm32.7-2018-q2-update.win32_1.4.0.202007081208/tools/bin/../lib/gcc/arm-none-eabi/7.3.1/../../../../arm-none-eabi/lib/thumb/v7e-m/fpv4-sp/hard\libnosys.a
END GROUP
LOAD d:/stm32cubeide1.4.0/stm32cubeide_1.4.0/stm32cubeide/plugins/com.st.stm32cube.ide.mcu.externaltools.gnu-tools-for-stm32.7-2018-q2-update.win32_1.4.0.202007081208/tools/bin/../lib/gcc/arm-none-eabi/7.3.1/thumb/v7e-m/fpv4-sp/hard/crtend.o
LOAD d:/stm32cubeide1.4.0/stm32cubeide_1.4.0/stm32cubeide/plugins/com.st.stm32cube.ide.mcu.externaltools.gnu-tools-for-stm32.7-2018-q2-update.win32_1.4.0.202007081208/tools/bin/../lib/gcc/arm-none-eabi/7.3.1/thumb/v7e-m/fpv4-sp/hard/crtn.o
                0x0000000020003000                _estack = 0x20003000
                0x0000000000000200                _Min_Heap_Size = 0x200
                0x0000000000000400                _Min_Stack_Size = 0x400

.isr_vector     0x0000000008000000      0x188
                0x0000000008000000                . = ALIGN (0x4)
 *(.isr_vector)
 .isr_vector    0x0000000008000000      0x188 Startup/startup_stm32f303k8tx.o
                0x0000000008000000                g_pfnVectors
                0x0000000008000188                . = ALIGN (0x4)

.text           0x0000000008000190     0x4498
                0x0000000008000190                . = ALIGN (0x4)
 *(.text)
 .text          0x0000000008000190       0x40 d:/stm32cubeide1.4.0/stm32cubeide_1.4.0/stm32cubeide/plugins/com.st.stm32cube.ide.mcu.externaltools.gnu-tools-for-stm32.7-2018-q2-update.win32_1.4.0.202007081208/tools/bin/../lib/gcc/arm-none-eabi/7.3.1/thumb/v7e-m/fpv4-sp/hard/crtbegin.o
 .text          0x00000000080001d0       0xa0 d:/stm32cubeide1.4.0/stm32cubeide_1.4.0/stm32cubeide/plugins/com.st.stm32cube.ide.mcu.externaltools.gnu-tools-for-stm32.7-2018-q2-update.win32_1.4.0.202007081208/tools/bin/../lib/gcc/arm-none-eabi/7.3.1/../../../../arm-none-eabi/lib/thumb/v7e-m/fpv4-sp/hard\libc_nano.a(lib_a-memchr.o)
                0x00000000080001d0                memchr
 .text          0x0000000008000270      0x378 d:/stm32cubeide1.4.0/stm32cubeide_1.4.0/stm32cubeide/plugins/com.st.stm32cube.ide.mcu.externaltools.gnu-tools-for-stm32.7-2018-q2-update.win32_1.4.0.202007081208/tools/bin/../lib/gcc/arm-none-eabi/7.3.1/thumb/v7e-m/fpv4-sp/hard\libgcc.a(_arm_addsubdf3.o)
                0x0000000008000270                __aeabi_drsub
                0x0000000008000278                __aeabi_dsub
                0x0000000008000278                __subdf3
                0x000000000800027c                __aeabi_dadd
                0x000000000800027c                __adddf3
                0x00000000080004f4                __floatunsidf
                0x00000000080004f4                __aeabi_ui2d
                0x0000000008000514                __floatsidf
                0x0000000008000514                __aeabi_i2d
                0x0000000008000538                __aeabi_f2d
                0x0000000008000538                __extendsfdf2
                0x000000000800057c                __floatundidf
                0x000000000800057c                __aeabi_ul2d
                0x000000000800058c                __floatdidf
                0x000000000800058c                __aeabi_l2d
 .text          0x00000000080005e8      0x424 d:/stm32cubeide1.4.0/stm32cubeide_1.4.0/stm32cubeide/plugins/com.st.stm32cube.ide.mcu.externaltools.gnu-tools-for-stm32.7-2018-q2-update.win32_1.4.0.202007081208/tools/bin/../lib/gcc/arm-none-eabi/7.3.1/thumb/v7e-m/fpv4-sp/hard\libgcc.a(_arm_muldivdf3.o)
                0x00000000080005e8                __aeabi_dmul
                0x00000000080005e8                __muldf3
                0x000000000800083c                __divdf3
                0x000000000800083c                __aeabi_ddiv
 .text          0x0000000008000a0c      0x110 d:/stm32cubeide1.4.0/stm32cubeide_1.4.0/stm32cubeide/plugins/com.st.stm32cube.ide.mcu.externaltools.gnu-tools-for-stm32.7-2018-q2-update.win32_1.4.0.202007081208/tools/bin/../lib/gcc/arm-none-eabi/7.3.1/thumb/v7e-m/fpv4-sp/hard\libgcc.a(_arm_cmpdf2.o)
                0x0000000008000a0c                __gtdf2
                0x0000000008000a0c                __gedf2
                0x0000000008000a14                __ltdf2
                0x0000000008000a14                __ledf2
                0x0000000008000a1c                __nedf2
                0x0000000008000a1c                __eqdf2
                0x0000000008000a1c                __cmpdf2
                0x0000000008000a98                __aeabi_cdrcmple
                0x0000000008000aa8                __aeabi_cdcmpeq
                0x0000000008000aa8                __aeabi_cdcmple
                0x0000000008000ab8                __aeabi_dcmpeq
                0x0000000008000acc                __aeabi_dcmplt
                0x0000000008000ae0                __aeabi_dcmple
                0x0000000008000af4                __aeabi_dcmpge
                0x0000000008000b08                __aeabi_dcmpgt
 .text          0x0000000008000b1c       0x50 d:/stm32cubeide1.4.0/stm32cubeide_1.4.0/stm32cubeide/plugins/com.st.stm32cube.ide.mcu.externaltools.gnu-tools-for-stm32.7-2018-q2-update.win32_1.4.0.202007081208/tools/bin/../lib/gcc/arm-none-eabi/7.3.1/thumb/v7e-m/fpv4-sp/hard\libgcc.a(_arm_fixdfsi.o)
                0x0000000008000b1c                __aeabi_d2iz
                0x0000000008000b1c                __fixdfsi
 *(.text*)
 .text.LL_GPIO_SetPinMode
                0x0000000008000b6c       0x5a Drivers/STM32F3xx_HAL_Driver/Src/stm32f3xx_ll_gpio.o
 .text.LL_GPIO_SetPinOutputType
                0x0000000008000bc6       0x30 Drivers/STM32F3xx_HAL_Driver/Src/stm32f3xx_ll_gpio.o
 .text.LL_GPIO_SetPinSpeed
                0x0000000008000bf6       0x5a Drivers/STM32F3xx_HAL_Driver/Src/stm32f3xx_ll_gpio.o
 .text.LL_GPIO_SetPinPull
                0x0000000008000c50       0x5a Drivers/STM32F3xx_HAL_Driver/Src/stm32f3xx_ll_gpio.o
 .text.LL_GPIO_SetAFPin_0_7
                0x0000000008000caa       0x5a Drivers/STM32F3xx_HAL_Driver/Src/stm32f3xx_ll_gpio.o
 .text.LL_GPIO_SetAFPin_8_15
                0x0000000008000d04       0x5e Drivers/STM32F3xx_HAL_Driver/Src/stm32f3xx_ll_gpio.o
 .text.LL_GPIO_Init
                0x0000000008000d62       0xf4 Drivers/STM32F3xx_HAL_Driver/Src/stm32f3xx_ll_gpio.o
                0x0000000008000d62                LL_GPIO_Init
 *fill*         0x0000000008000e56        0x2 
 .text.LL_RCC_HSI_IsReady
                0x0000000008000e58       0x24 Drivers/STM32F3xx_HAL_Driver/Src/stm32f3xx_ll_rcc.o
 .text.LL_RCC_LSE_IsReady
                0x0000000008000e7c       0x24 Drivers/STM32F3xx_HAL_Driver/Src/stm32f3xx_ll_rcc.o
 .text.LL_RCC_GetSysClkSource
                0x0000000008000ea0       0x1c Drivers/STM32F3xx_HAL_Driver/Src/stm32f3xx_ll_rcc.o
 .text.LL_RCC_GetAHBPrescaler
                0x0000000008000ebc       0x1c Drivers/STM32F3xx_HAL_Driver/Src/stm32f3xx_ll_rcc.o
 .text.LL_RCC_GetAPB1Prescaler
                0x0000000008000ed8       0x1c Drivers/STM32F3xx_HAL_Driver/Src/stm32f3xx_ll_rcc.o
 .text.LL_RCC_GetAPB2Prescaler
                0x0000000008000ef4       0x1c Drivers/STM32F3xx_HAL_Driver/Src/stm32f3xx_ll_rcc.o
 .text.LL_RCC_GetUSARTClockSource
                0x0000000008000f10       0x2c Drivers/STM32F3xx_HAL_Driver/Src/stm32f3xx_ll_rcc.o
 .text.LL_RCC_PLL_GetMainSource
                0x0000000008000f3c       0x1c Drivers/STM32F3xx_HAL_Driver/Src/stm32f3xx_ll_rcc.o
 .text.LL_RCC_PLL_GetMultiplicator
                0x0000000008000f58       0x1c Drivers/STM32F3xx_HAL_Driver/Src/stm32f3xx_ll_rcc.o
 .text.LL_RCC_PLL_GetPrediv
                0x0000000008000f74       0x1c Drivers/STM32F3xx_HAL_Driver/Src/stm32f3xx_ll_rcc.o
 .text.LL_RCC_GetSystemClocksFreq
                0x0000000008000f90       0x4a Drivers/STM32F3xx_HAL_Driver/Src/stm32f3xx_ll_rcc.o
                0x0000000008000f90                LL_RCC_GetSystemClocksFreq
 *fill*         0x0000000008000fda        0x2 
 .text.LL_RCC_GetUSARTClockFreq
                0x0000000008000fdc       0x80 Drivers/STM32F3xx_HAL_Driver/Src/stm32f3xx_ll_rcc.o
                0x0000000008000fdc                LL_RCC_GetUSARTClockFreq
 .text.RCC_GetSystemClockFreq
                0x000000000800105c       0x44 Drivers/STM32F3xx_HAL_Driver/Src/stm32f3xx_ll_rcc.o
                0x000000000800105c                RCC_GetSystemClockFreq
 .text.RCC_GetHCLKClockFreq
                0x00000000080010a0       0x2c Drivers/STM32F3xx_HAL_Driver/Src/stm32f3xx_ll_rcc.o
                0x00000000080010a0                RCC_GetHCLKClockFreq
 .text.RCC_GetPCLK1ClockFreq
                0x00000000080010cc       0x28 Drivers/STM32F3xx_HAL_Driver/Src/stm32f3xx_ll_rcc.o
                0x00000000080010cc                RCC_GetPCLK1ClockFreq
 .text.RCC_GetPCLK2ClockFreq
                0x00000000080010f4       0x28 Drivers/STM32F3xx_HAL_Driver/Src/stm32f3xx_ll_rcc.o
                0x00000000080010f4                RCC_GetPCLK2ClockFreq
 .text.RCC_PLL_GetFreqDomain_SYS
                0x000000000800111c       0x78 Drivers/STM32F3xx_HAL_Driver/Src/stm32f3xx_ll_rcc.o
                0x000000000800111c                RCC_PLL_GetFreqDomain_SYS
 .text.LL_USART_IsEnabled
                0x0000000008001194       0x26 Drivers/STM32F3xx_HAL_Driver/Src/stm32f3xx_ll_usart.o
 .text.LL_USART_SetStopBitsLength
                0x00000000080011ba       0x26 Drivers/STM32F3xx_HAL_Driver/Src/stm32f3xx_ll_usart.o
 .text.LL_USART_SetHWFlowCtrl
                0x00000000080011e0       0x26 Drivers/STM32F3xx_HAL_Driver/Src/stm32f3xx_ll_usart.o
 .text.LL_USART_SetBaudRate
                0x0000000008001206       0x64 Drivers/STM32F3xx_HAL_Driver/Src/stm32f3xx_ll_usart.o
 *fill*         0x000000000800126a        0x2 
 .text.LL_USART_Init
                0x000000000800126c       0xd8 Drivers/STM32F3xx_HAL_Driver/Src/stm32f3xx_ll_usart.o
                0x000000000800126c                LL_USART_Init
 .text.LL_InitTick
                0x0000000008001344       0x34 Drivers/STM32F3xx_HAL_Driver/Src/stm32f3xx_ll_utils.o
 .text.LL_Init1msTick
                0x0000000008001378       0x1a Drivers/STM32F3xx_HAL_Driver/Src/stm32f3xx_ll_utils.o
                0x0000000008001378                LL_Init1msTick
 *fill*         0x0000000008001392        0x2 
 .text.LL_mDelay
                0x0000000008001394       0x48 Drivers/STM32F3xx_HAL_Driver/Src/stm32f3xx_ll_utils.o
                0x0000000008001394                LL_mDelay
 .text.LL_SetSystemCoreClock
                0x00000000080013dc       0x20 Drivers/STM32F3xx_HAL_Driver/Src/stm32f3xx_ll_utils.o
                0x00000000080013dc                LL_SetSystemCoreClock
 .text.NVIC_EnableIRQ
                0x00000000080013fc       0x34 Src/dma.o
 .text.NVIC_SetPriority
                0x0000000008001430       0x54 Src/dma.o
 .text.LL_AHB1_GRP1_EnableClock
                0x0000000008001484       0x30 Src/dma.o
 .text.MX_DMA_Init
                0x00000000080014b4       0x2a Src/dma.o
                0x00000000080014b4                MX_DMA_Init
 *fill*         0x00000000080014de        0x2 
 .text.LL_AHB1_GRP1_EnableClock
                0x00000000080014e0       0x30 Src/gpio.o
 .text.LL_GPIO_ResetOutputPin
                0x0000000008001510       0x1c Src/gpio.o
 .text.MX_GPIO_Init
                0x000000000800152c       0x58 Src/gpio.o
                0x000000000800152c                MX_GPIO_Init
 .text.NVIC_SetPriorityGrouping
                0x0000000008001584       0x48 Src/main.o
 .text.LL_RCC_HSI_Enable
                0x00000000080015cc       0x20 Src/main.o
 .text.LL_RCC_HSI_IsReady
                0x00000000080015ec       0x24 Src/main.o
 .text.LL_RCC_HSI_SetCalibTrimming
                0x0000000008001610       0x2c Src/main.o
 .text.LL_RCC_SetSysClkSource
                0x000000000800163c       0x28 Src/main.o
 .text.LL_RCC_GetSysClkSource
                0x0000000008001664       0x1c Src/main.o
 .text.LL_RCC_SetAHBPrescaler
                0x0000000008001680       0x28 Src/main.o
 .text.LL_RCC_SetAPB1Prescaler
                0x00000000080016a8       0x28 Src/main.o
 .text.LL_RCC_SetAPB2Prescaler
                0x00000000080016d0       0x28 Src/main.o
 .text.LL_APB1_GRP1_EnableClock
                0x00000000080016f8       0x30 Src/main.o
 .text.LL_APB2_GRP1_EnableClock
                0x0000000008001728       0x30 Src/main.o
 .text.LL_FLASH_SetLatency
                0x0000000008001758       0x28 Src/main.o
 .text.LL_FLASH_GetLatency
                0x0000000008001780       0x1c Src/main.o
 .text.LL_SYSTICK_SetClkSource
                0x000000000800179c       0x38 Src/main.o
 .text.main     0x00000000080017d4      0x19c Src/main.o
                0x00000000080017d4                main
 .text.SystemClock_Config
                0x0000000008001970       0x6c Src/main.o
                0x0000000008001970                SystemClock_Config
 .text.proccesDmaData
                0x00000000080019dc       0xf0 Src/main.o
                0x00000000080019dc                proccesDmaData
 .text.Error_Handler
                0x0000000008001acc        0xe Src/main.o
                0x0000000008001acc                Error_Handler
 *fill*         0x0000000008001ada        0x2 
 .text.LL_DMA_DisableChannel
                0x0000000008001adc       0x40 Src/stm32f3xx_it.o
 .text.LL_DMA_IsActiveFlag_TC6
                0x0000000008001b1c       0x28 Src/stm32f3xx_it.o
 .text.LL_DMA_IsActiveFlag_TC7
                0x0000000008001b44       0x28 Src/stm32f3xx_it.o
 .text.LL_DMA_IsActiveFlag_HT6
                0x0000000008001b6c       0x28 Src/stm32f3xx_it.o
 .text.LL_DMA_ClearFlag_TC6
                0x0000000008001b94       0x1c Src/stm32f3xx_it.o
 .text.LL_DMA_ClearFlag_TC7
                0x0000000008001bb0       0x1c Src/stm32f3xx_it.o
 .text.LL_DMA_ClearFlag_HT6
                0x0000000008001bcc       0x1c Src/stm32f3xx_it.o
 .text.LL_USART_IsActiveFlag_IDLE
                0x0000000008001be8       0x26 Src/stm32f3xx_it.o
 .text.LL_USART_IsActiveFlag_TC
                0x0000000008001c0e       0x26 Src/stm32f3xx_it.o
 .text.LL_USART_ClearFlag_IDLE
                0x0000000008001c34       0x1a Src/stm32f3xx_it.o
 .text.NMI_Handler
                0x0000000008001c4e        0xe Src/stm32f3xx_it.o
                0x0000000008001c4e                NMI_Handler
 .text.HardFault_Handler
                0x0000000008001c5c        0x6 Src/stm32f3xx_it.o
                0x0000000008001c5c                HardFault_Handler
 .text.MemManage_Handler
                0x0000000008001c62        0x6 Src/stm32f3xx_it.o
                0x0000000008001c62                MemManage_Handler
 .text.BusFault_Handler
                0x0000000008001c68        0x6 Src/stm32f3xx_it.o
                0x0000000008001c68                BusFault_Handler
 .text.UsageFault_Handler
                0x0000000008001c6e        0x6 Src/stm32f3xx_it.o
                0x0000000008001c6e                UsageFault_Handler
 .text.SVC_Handler
                0x0000000008001c74        0xe Src/stm32f3xx_it.o
                0x0000000008001c74                SVC_Handler
 .text.DebugMon_Handler
                0x0000000008001c82        0xe Src/stm32f3xx_it.o
                0x0000000008001c82                DebugMon_Handler
 .text.PendSV_Handler
                0x0000000008001c90        0xe Src/stm32f3xx_it.o
                0x0000000008001c90                PendSV_Handler
 .text.SysTick_Handler
                0x0000000008001c9e        0xe Src/stm32f3xx_it.o
                0x0000000008001c9e                SysTick_Handler
 .text.DMA1_Channel6_IRQHandler
                0x0000000008001cac       0x3c Src/stm32f3xx_it.o
                0x0000000008001cac                DMA1_Channel6_IRQHandler
 .text.DMA1_Channel7_IRQHandler
                0x0000000008001ce8       0x38 Src/stm32f3xx_it.o
                0x0000000008001ce8                DMA1_Channel7_IRQHandler
 .text.USART2_IRQHandler
                0x0000000008001d20       0x24 Src/stm32f3xx_it.o
                0x0000000008001d20                USART2_IRQHandler
 .text._sbrk    0x0000000008001d44       0x58 Src/sysmem.o
                0x0000000008001d44                _sbrk
 .text.SystemInit
                0x0000000008001d9c       0x94 Src/system_stm32f3xx.o
                0x0000000008001d9c                SystemInit
 .text.NVIC_EnableIRQ
                0x0000000008001e30       0x34 Src/usart.o
 .text.NVIC_SetPriority
                0x0000000008001e64       0x54 Src/usart.o
 .text.LL_DMA_EnableChannel
                0x0000000008001eb8       0x40 Src/usart.o
 .text.LL_DMA_DisableChannel
                0x0000000008001ef8       0x40 Src/usart.o
 .text.LL_DMA_SetDataTransferDirection
                0x0000000008001f38       0x4c Src/usart.o
 .text.LL_DMA_GetDataTransferDirection
                0x0000000008001f84       0x30 Src/usart.o
 .text.LL_DMA_SetMode
                0x0000000008001fb4       0x48 Src/usart.o
 .text.LL_DMA_SetPeriphIncMode
                0x0000000008001ffc       0x48 Src/usart.o
 .text.LL_DMA_SetMemoryIncMode
                0x0000000008002044       0x48 Src/usart.o
 .text.LL_DMA_SetPeriphSize
                0x000000000800208c       0x48 Src/usart.o
 .text.LL_DMA_SetMemorySize
                0x00000000080020d4       0x48 Src/usart.o
 .text.LL_DMA_SetChannelPriorityLevel
                0x000000000800211c       0x48 Src/usart.o
 .text.LL_DMA_SetDataLength
                0x0000000008002164       0x48 Src/usart.o
 .text.LL_DMA_GetDataLength
                0x00000000080021ac       0x2c Src/usart.o
 .text.LL_DMA_ConfigAddresses
                0x00000000080021d8       0x78 Src/usart.o
 .text.LL_DMA_SetMemoryAddress
                0x0000000008002250       0x30 Src/usart.o
 .text.LL_DMA_SetPeriphAddress
                0x0000000008002280       0x30 Src/usart.o
 .text.LL_DMA_EnableIT_TC
                0x00000000080022b0       0x40 Src/usart.o
 .text.LL_DMA_EnableIT_TE
                0x00000000080022f0       0x40 Src/usart.o
 .text.LL_AHB1_GRP1_EnableClock
                0x0000000008002330       0x30 Src/usart.o
 .text.LL_APB1_GRP1_EnableClock
                0x0000000008002360       0x30 Src/usart.o
 .text.LL_USART_Enable
                0x0000000008002390       0x20 Src/usart.o
 .text.LL_USART_ConfigAsyncMode
                0x00000000080023b0       0x2c Src/usart.o
 .text.LL_USART_DisableIT_CTS
                0x00000000080023dc       0x20 Src/usart.o
 .text.LL_USART_EnableDMAReq_RX
                0x00000000080023fc       0x20 Src/usart.o
 .text.LL_USART_EnableDMAReq_TX
                0x000000000800241c       0x20 Src/usart.o
 .text.LL_USART_DMA_GetRegAddr
                0x000000000800243c       0x2c Src/usart.o
 .text.USART2_RegisterCallback
                0x0000000008002468       0x24 Src/usart.o
                0x0000000008002468                USART2_RegisterCallback
 .text.MX_USART2_UART_Init
                0x000000000800248c      0x1b0 Src/usart.o
                0x000000000800248c                MX_USART2_UART_Init
 .text.USART2_PutBuffer
                0x000000000800263c       0x40 Src/usart.o
                0x000000000800263c                USART2_PutBuffer
 .text.USART2_CheckDmaReception
                0x000000000800267c      0x120 Src/usart.o
                0x000000000800267c                USART2_CheckDmaReception
 .text.Reset_Handler
                0x000000000800279c       0x50 Startup/startup_stm32f303k8tx.o
                0x000000000800279c                Reset_Handler
 .text.Default_Handler
                0x00000000080027ec        0x2 Startup/startup_stm32f303k8tx.o
                0x00000000080027ec                RTC_Alarm_IRQHandler
                0x00000000080027ec                TIM1_CC_IRQHandler
                0x00000000080027ec                PVD_IRQHandler
                0x00000000080027ec                TAMP_STAMP_IRQHandler
                0x00000000080027ec                EXTI3_IRQHandler
                0x00000000080027ec                EXTI0_IRQHandler
                0x00000000080027ec                FPU_IRQHandler
                0x00000000080027ec                CAN_TX_IRQHandler
                0x00000000080027ec                TIM1_UP_TIM16_IRQHandler
                0x00000000080027ec                ADC1_2_IRQHandler
                0x00000000080027ec                SPI1_IRQHandler
                0x00000000080027ec                CAN_SCE_IRQHandler
                0x00000000080027ec                DMA1_Channel4_IRQHandler
                0x00000000080027ec                USART3_IRQHandler
                0x00000000080027ec                TIM7_DAC2_IRQHandler
                0x00000000080027ec                CAN_RX1_IRQHandler
                0x00000000080027ec                I2C1_EV_IRQHandler
                0x00000000080027ec                TIM3_IRQHandler
                0x00000000080027ec                RCC_IRQHandler
                0x00000000080027ec                DMA1_Channel1_IRQHandler
                0x00000000080027ec                Default_Handler
                0x00000000080027ec                EXTI15_10_IRQHandler
                0x00000000080027ec                COMP2_IRQHandler
                0x00000000080027ec                TIM6_DAC1_IRQHandler
                0x00000000080027ec                EXTI9_5_IRQHandler
                0x00000000080027ec                RTC_WKUP_IRQHandler
                0x00000000080027ec                DMA1_Channel5_IRQHandler
                0x00000000080027ec                EXTI4_IRQHandler
                0x00000000080027ec                TIM1_TRG_COM_TIM17_IRQHandler
                0x00000000080027ec                DMA1_Channel3_IRQHandler
                0x00000000080027ec                WWDG_IRQHandler
                0x00000000080027ec                TIM2_IRQHandler
                0x00000000080027ec                EXTI1_IRQHandler
                0x00000000080027ec                COMP4_6_IRQHandler
                0x00000000080027ec                DMA1_Channel2_IRQHandler
                0x00000000080027ec                FLASH_IRQHandler
                0x00000000080027ec                USART1_IRQHandler
                0x00000000080027ec                CAN_RX0_IRQHandler
                0x00000000080027ec                I2C1_ER_IRQHandler
                0x00000000080027ec                EXTI2_TSC_IRQHandler
                0x00000000080027ec                TIM1_BRK_TIM15_IRQHandler
 *fill*         0x00000000080027ee        0x2 
 .text.gcvt     0x00000000080027f0       0x58 d:/stm32cubeide1.4.0/stm32cubeide_1.4.0/stm32cubeide/plugins/com.st.stm32cube.ide.mcu.externaltools.gnu-tools-for-stm32.7-2018-q2-update.win32_1.4.0.202007081208/tools/bin/../lib/gcc/arm-none-eabi/7.3.1/../../../../arm-none-eabi/lib/thumb/v7e-m/fpv4-sp/hard\libc_nano.a(lib_a-efgcvt.o)
                0x00000000080027f0                gcvt
 .text.__errno  0x0000000008002848        0xc d:/stm32cubeide1.4.0/stm32cubeide_1.4.0/stm32cubeide/plugins/com.st.stm32cube.ide.mcu.externaltools.gnu-tools-for-stm32.7-2018-q2-update.win32_1.4.0.202007081208/tools/bin/../lib/gcc/arm-none-eabi/7.3.1/../../../../arm-none-eabi/lib/thumb/v7e-m/fpv4-sp/hard\libc_nano.a(lib_a-errno.o)
                0x0000000008002848                __errno
 .text.__libc_init_array
                0x0000000008002854       0x48 d:/stm32cubeide1.4.0/stm32cubeide_1.4.0/stm32cubeide/plugins/com.st.stm32cube.ide.mcu.externaltools.gnu-tools-for-stm32.7-2018-q2-update.win32_1.4.0.202007081208/tools/bin/../lib/gcc/arm-none-eabi/7.3.1/../../../../arm-none-eabi/lib/thumb/v7e-m/fpv4-sp/hard\libc_nano.a(lib_a-init.o)
                0x0000000008002854                __libc_init_array
 .text.memset   0x000000000800289c       0x10 d:/stm32cubeide1.4.0/stm32cubeide_1.4.0/stm32cubeide/plugins/com.st.stm32cube.ide.mcu.externaltools.gnu-tools-for-stm32.7-2018-q2-update.win32_1.4.0.202007081208/tools/bin/../lib/gcc/arm-none-eabi/7.3.1/../../../../arm-none-eabi/lib/thumb/v7e-m/fpv4-sp/hard\libc_nano.a(lib_a-memset.o)
                0x000000000800289c                memset
 .text.sprintf  0x00000000080028ac       0x40 d:/stm32cubeide1.4.0/stm32cubeide_1.4.0/stm32cubeide/plugins/com.st.stm32cube.ide.mcu.externaltools.gnu-tools-for-stm32.7-2018-q2-update.win32_1.4.0.202007081208/tools/bin/../lib/gcc/arm-none-eabi/7.3.1/../../../../arm-none-eabi/lib/thumb/v7e-m/fpv4-sp/hard\libc_nano.a(lib_a-sprintf.o)
                0x00000000080028ac                siprintf
                0x00000000080028ac                sprintf
 .text.strcat   0x00000000080028ec       0x1e d:/stm32cubeide1.4.0/stm32cubeide_1.4.0/stm32cubeide/plugins/com.st.stm32cube.ide.mcu.externaltools.gnu-tools-for-stm32.7-2018-q2-update.win32_1.4.0.202007081208/tools/bin/../lib/gcc/arm-none-eabi/7.3.1/../../../../arm-none-eabi/lib/thumb/v7e-m/fpv4-sp/hard\libc_nano.a(lib_a-strcat.o)
                0x00000000080028ec                strcat
 .text.print_e  0x000000000800290a       0xe8 d:/stm32cubeide1.4.0/stm32cubeide_1.4.0/stm32cubeide/plugins/com.st.stm32cube.ide.mcu.externaltools.gnu-tools-for-stm32.7-2018-q2-update.win32_1.4.0.202007081208/tools/bin/../lib/gcc/arm-none-eabi/7.3.1/../../../../arm-none-eabi/lib/thumb/v7e-m/fpv4-sp/hard\libc_nano.a(lib_a-ecvtbuf.o)
 *fill*         0x00000000080029f2        0x6 
 .text._gcvt    0x00000000080029f8      0x194 d:/stm32cubeide1.4.0/stm32cubeide_1.4.0/stm32cubeide/plugins/com.st.stm32cube.ide.mcu.externaltools.gnu-tools-for-stm32.7-2018-q2-update.win32_1.4.0.202007081208/tools/bin/../lib/gcc/arm-none-eabi/7.3.1/../../../../arm-none-eabi/lib/thumb/v7e-m/fpv4-sp/hard\libc_nano.a(lib_a-ecvtbuf.o)
                0x00000000080029f8                _gcvt
 .text._Balloc  0x0000000008002b8c       0x68 d:/stm32cubeide1.4.0/stm32cubeide_1.4.0/stm32cubeide/plugins/com.st.stm32cube.ide.mcu.externaltools.gnu-tools-for-stm32.7-2018-q2-update.win32_1.4.0.202007081208/tools/bin/../lib/gcc/arm-none-eabi/7.3.1/../../../../arm-none-eabi/lib/thumb/v7e-m/fpv4-sp/hard\libc_nano.a(lib_a-mprec.o)
                0x0000000008002b8c                _Balloc
 .text._Bfree   0x0000000008002bf4       0x2e d:/stm32cubeide1.4.0/stm32cubeide_1.4.0/stm32cubeide/plugins/com.st.stm32cube.ide.mcu.externaltools.gnu-tools-for-stm32.7-2018-q2-update.win32_1.4.0.202007081208/tools/bin/../lib/gcc/arm-none-eabi/7.3.1/../../../../arm-none-eabi/lib/thumb/v7e-m/fpv4-sp/hard\libc_nano.a(lib_a-mprec.o)
                0x0000000008002bf4                _Bfree
 .text.__multadd
                0x0000000008002c22       0x76 d:/stm32cubeide1.4.0/stm32cubeide_1.4.0/stm32cubeide/plugins/com.st.stm32cube.ide.mcu.externaltools.gnu-tools-for-stm32.7-2018-q2-update.win32_1.4.0.202007081208/tools/bin/../lib/gcc/arm-none-eabi/7.3.1/../../../../arm-none-eabi/lib/thumb/v7e-m/fpv4-sp/hard\libc_nano.a(lib_a-mprec.o)
                0x0000000008002c22                __multadd
 .text.__hi0bits
                0x0000000008002c98       0x3e d:/stm32cubeide1.4.0/stm32cubeide_1.4.0/stm32cubeide/plugins/com.st.stm32cube.ide.mcu.externaltools.gnu-tools-for-stm32.7-2018-q2-update.win32_1.4.0.202007081208/tools/bin/../lib/gcc/arm-none-eabi/7.3.1/../../../../arm-none-eabi/lib/thumb/v7e-m/fpv4-sp/hard\libc_nano.a(lib_a-mprec.o)
                0x0000000008002c98                __hi0bits
 .text.__lo0bits
                0x0000000008002cd6       0x5e d:/stm32cubeide1.4.0/stm32cubeide_1.4.0/stm32cubeide/plugins/com.st.stm32cube.ide.mcu.externaltools.gnu-tools-for-stm32.7-2018-q2-update.win32_1.4.0.202007081208/tools/bin/../lib/gcc/arm-none-eabi/7.3.1/../../../../arm-none-eabi/lib/thumb/v7e-m/fpv4-sp/hard\libc_nano.a(lib_a-mprec.o)
                0x0000000008002cd6                __lo0bits
 .text.__i2b    0x0000000008002d34       0x12 d:/stm32cubeide1.4.0/stm32cubeide_1.4.0/stm32cubeide/plugins/com.st.stm32cube.ide.mcu.externaltools.gnu-tools-for-stm32.7-2018-q2-update.win32_1.4.0.202007081208/tools/bin/../lib/gcc/arm-none-eabi/7.3.1/../../../../arm-none-eabi/lib/thumb/v7e-m/fpv4-sp/hard\libc_nano.a(lib_a-mprec.o)
                0x0000000008002d34                __i2b
 .text.__multiply
                0x0000000008002d46      0x12c d:/stm32cubeide1.4.0/stm32cubeide_1.4.0/stm32cubeide/plugins/com.st.stm32cube.ide.mcu.externaltools.gnu-tools-for-stm32.7-2018-q2-update.win32_1.4.0.202007081208/tools/bin/../lib/gcc/arm-none-eabi/7.3.1/../../../../arm-none-eabi/lib/thumb/v7e-m/fpv4-sp/hard\libc_nano.a(lib_a-mprec.o)
                0x0000000008002d46                __multiply
 *fill*         0x0000000008002e72        0x2 
 .text.__pow5mult
                0x0000000008002e74       0x9c d:/stm32cubeide1.4.0/stm32cubeide_1.4.0/stm32cubeide/plugins/com.st.stm32cube.ide.mcu.externaltools.gnu-tools-for-stm32.7-2018-q2-update.win32_1.4.0.202007081208/tools/bin/../lib/gcc/arm-none-eabi/7.3.1/../../../../arm-none-eabi/lib/thumb/v7e-m/fpv4-sp/hard\libc_nano.a(lib_a-mprec.o)
                0x0000000008002e74                __pow5mult
 .text.__lshift
                0x0000000008002f10       0xa8 d:/stm32cubeide1.4.0/stm32cubeide_1.4.0/stm32cubeide/plugins/com.st.stm32cube.ide.mcu.externaltools.gnu-tools-for-stm32.7-2018-q2-update.win32_1.4.0.202007081208/tools/bin/../lib/gcc/arm-none-eabi/7.3.1/../../../../arm-none-eabi/lib/thumb/v7e-m/fpv4-sp/hard\libc_nano.a(lib_a-mprec.o)
                0x0000000008002f10                __lshift
 .text.__mcmp   0x0000000008002fb8       0x34 d:/stm32cubeide1.4.0/stm32cubeide_1.4.0/stm32cubeide/plugins/com.st.stm32cube.ide.mcu.externaltools.gnu-tools-for-stm32.7-2018-q2-update.win32_1.4.0.202007081208/tools/bin/../lib/gcc/arm-none-eabi/7.3.1/../../../../arm-none-eabi/lib/thumb/v7e-m/fpv4-sp/hard\libc_nano.a(lib_a-mprec.o)
                0x0000000008002fb8                __mcmp
 .text.__mdiff  0x0000000008002fec       0xba d:/stm32cubeide1.4.0/stm32cubeide_1.4.0/stm32cubeide/plugins/com.st.stm32cube.ide.mcu.externaltools.gnu-tools-for-stm32.7-2018-q2-update.win32_1.4.0.202007081208/tools/bin/../lib/gcc/arm-none-eabi/7.3.1/../../../../arm-none-eabi/lib/thumb/v7e-m/fpv4-sp/hard\libc_nano.a(lib_a-mprec.o)
                0x0000000008002fec                __mdiff
 .text.__d2b    0x00000000080030a6       0x9e d:/stm32cubeide1.4.0/stm32cubeide_1.4.0/stm32cubeide/plugins/com.st.stm32cube.ide.mcu.externaltools.gnu-tools-for-stm32.7-2018-q2-update.win32_1.4.0.202007081208/tools/bin/../lib/gcc/arm-none-eabi/7.3.1/../../../../arm-none-eabi/lib/thumb/v7e-m/fpv4-sp/hard\libc_nano.a(lib_a-mprec.o)
                0x00000000080030a6                __d2b
 .text._mprec_log10
                0x0000000008003144       0x3c d:/stm32cubeide1.4.0/stm32cubeide_1.4.0/stm32cubeide/plugins/com.st.stm32cube.ide.mcu.externaltools.gnu-tools-for-stm32.7-2018-q2-update.win32_1.4.0.202007081208/tools/bin/../lib/gcc/arm-none-eabi/7.3.1/../../../../arm-none-eabi/lib/thumb/v7e-m/fpv4-sp/hard\libc_nano.a(lib_a-mprec.o)
                0x0000000008003144                _mprec_log10
 .text._calloc_r
                0x0000000008003180       0x1c d:/stm32cubeide1.4.0/stm32cubeide_1.4.0/stm32cubeide/plugins/com.st.stm32cube.ide.mcu.externaltools.gnu-tools-for-stm32.7-2018-q2-update.win32_1.4.0.202007081208/tools/bin/../lib/gcc/arm-none-eabi/7.3.1/../../../../arm-none-eabi/lib/thumb/v7e-m/fpv4-sp/hard\libc_nano.a(lib_a-nano-callocr.o)
                0x0000000008003180                _calloc_r
 .text._malloc_r
                0x000000000800319c       0xb4 d:/stm32cubeide1.4.0/stm32cubeide_1.4.0/stm32cubeide/plugins/com.st.stm32cube.ide.mcu.externaltools.gnu-tools-for-stm32.7-2018-q2-update.win32_1.4.0.202007081208/tools/bin/../lib/gcc/arm-none-eabi/7.3.1/../../../../arm-none-eabi/lib/thumb/v7e-m/fpv4-sp/hard\libc_nano.a(lib_a-nano-mallocr.o)
                0x000000000800319c                _malloc_r
 .text._realloc_r
                0x0000000008003250       0x4c d:/stm32cubeide1.4.0/stm32cubeide_1.4.0/stm32cubeide/plugins/com.st.stm32cube.ide.mcu.externaltools.gnu-tools-for-stm32.7-2018-q2-update.win32_1.4.0.202007081208/tools/bin/../lib/gcc/arm-none-eabi/7.3.1/../../../../arm-none-eabi/lib/thumb/v7e-m/fpv4-sp/hard\libc_nano.a(lib_a-nano-reallocr.o)
                0x0000000008003250                _realloc_r
 .text.__ssputs_r
                0x000000000800329c       0xb4 d:/stm32cubeide1.4.0/stm32cubeide_1.4.0/stm32cubeide/plugins/com.st.stm32cube.ide.mcu.externaltools.gnu-tools-for-stm32.7-2018-q2-update.win32_1.4.0.202007081208/tools/bin/../lib/gcc/arm-none-eabi/7.3.1/../../../../arm-none-eabi/lib/thumb/v7e-m/fpv4-sp/hard\libc_nano.a(lib_a-nano-svfprintf.o)
                0x000000000800329c                __ssputs_r
 .text._svfprintf_r
                0x0000000008003350      0x1f0 d:/stm32cubeide1.4.0/stm32cubeide_1.4.0/stm32cubeide/plugins/com.st.stm32cube.ide.mcu.externaltools.gnu-tools-for-stm32.7-2018-q2-update.win32_1.4.0.202007081208/tools/bin/../lib/gcc/arm-none-eabi/7.3.1/../../../../arm-none-eabi/lib/thumb/v7e-m/fpv4-sp/hard\libc_nano.a(lib_a-nano-svfprintf.o)
                0x0000000008003350                _svfiprintf_r
                0x0000000008003350                _svfprintf_r
 .text._printf_common
                0x0000000008003540       0xea d:/stm32cubeide1.4.0/stm32cubeide_1.4.0/stm32cubeide/plugins/com.st.stm32cube.ide.mcu.externaltools.gnu-tools-for-stm32.7-2018-q2-update.win32_1.4.0.202007081208/tools/bin/../lib/gcc/arm-none-eabi/7.3.1/../../../../arm-none-eabi/lib/thumb/v7e-m/fpv4-sp/hard\libc_nano.a(lib_a-nano-vfprintf_i.o)
                0x0000000008003540                _printf_common
 *fill*         0x000000000800362a        0x2 
 .text._printf_i
                0x000000000800362c      0x224 d:/stm32cubeide1.4.0/stm32cubeide_1.4.0/stm32cubeide/plugins/com.st.stm32cube.ide.mcu.externaltools.gnu-tools-for-stm32.7-2018-q2-update.win32_1.4.0.202007081208/tools/bin/../lib/gcc/arm-none-eabi/7.3.1/../../../../arm-none-eabi/lib/thumb/v7e-m/fpv4-sp/hard\libc_nano.a(lib_a-nano-vfprintf_i.o)
                0x000000000800362c                _printf_i
 .text._sbrk_r  0x0000000008003850       0x20 d:/stm32cubeide1.4.0/stm32cubeide_1.4.0/stm32cubeide/plugins/com.st.stm32cube.ide.mcu.externaltools.gnu-tools-for-stm32.7-2018-q2-update.win32_1.4.0.202007081208/tools/bin/../lib/gcc/arm-none-eabi/7.3.1/../../../../arm-none-eabi/lib/thumb/v7e-m/fpv4-sp/hard\libc_nano.a(lib_a-sbrkr.o)
                0x0000000008003850                _sbrk_r
 .text.strcpy   0x0000000008003870       0x10 d:/stm32cubeide1.4.0/stm32cubeide_1.4.0/stm32cubeide/plugins/com.st.stm32cube.ide.mcu.externaltools.gnu-tools-for-stm32.7-2018-q2-update.win32_1.4.0.202007081208/tools/bin/../lib/gcc/arm-none-eabi/7.3.1/../../../../arm-none-eabi/lib/thumb/v7e-m/fpv4-sp/hard\libc_nano.a(lib_a-strcpy.o)
                0x0000000008003870                strcpy
 .text.quorem   0x0000000008003880      0x118 d:/stm32cubeide1.4.0/stm32cubeide_1.4.0/stm32cubeide/plugins/com.st.stm32cube.ide.mcu.externaltools.gnu-tools-for-stm32.7-2018-q2-update.win32_1.4.0.202007081208/tools/bin/../lib/gcc/arm-none-eabi/7.3.1/../../../../arm-none-eabi/lib/thumb/v7e-m/fpv4-sp/hard\libc_nano.a(lib_a-dtoa.o)
 .text._dtoa_r  0x0000000008003998      0xb70 d:/stm32cubeide1.4.0/stm32cubeide_1.4.0/stm32cubeide/plugins/com.st.stm32cube.ide.mcu.externaltools.gnu-tools-for-stm32.7-2018-q2-update.win32_1.4.0.202007081208/tools/bin/../lib/gcc/arm-none-eabi/7.3.1/../../../../arm-none-eabi/lib/thumb/v7e-m/fpv4-sp/hard\libc_nano.a(lib_a-dtoa.o)
                0x0000000008003998                _dtoa_r
 .text.malloc   0x0000000008004508       0x10 d:/stm32cubeide1.4.0/stm32cubeide_1.4.0/stm32cubeide/plugins/com.st.stm32cube.ide.mcu.externaltools.gnu-tools-for-stm32.7-2018-q2-update.win32_1.4.0.202007081208/tools/bin/../lib/gcc/arm-none-eabi/7.3.1/../../../../arm-none-eabi/lib/thumb/v7e-m/fpv4-sp/hard\libc_nano.a(lib_a-malloc.o)
                0x0000000008004508                malloc
 .text.memcpy   0x0000000008004518       0x16 d:/stm32cubeide1.4.0/stm32cubeide_1.4.0/stm32cubeide/plugins/com.st.stm32cube.ide.mcu.externaltools.gnu-tools-for-stm32.7-2018-q2-update.win32_1.4.0.202007081208/tools/bin/../lib/gcc/arm-none-eabi/7.3.1/../../../../arm-none-eabi/lib/thumb/v7e-m/fpv4-sp/hard\libc_nano.a(lib_a-memcpy-stub.o)
                0x0000000008004518                memcpy
 .text.memmove  0x000000000800452e       0x32 d:/stm32cubeide1.4.0/stm32cubeide_1.4.0/stm32cubeide/plugins/com.st.stm32cube.ide.mcu.externaltools.gnu-tools-for-stm32.7-2018-q2-update.win32_1.4.0.202007081208/tools/bin/../lib/gcc/arm-none-eabi/7.3.1/../../../../arm-none-eabi/lib/thumb/v7e-m/fpv4-sp/hard\libc_nano.a(lib_a-memmove.o)
                0x000000000800452e                memmove
 .text.__malloc_lock
                0x0000000008004560        0x2 d:/stm32cubeide1.4.0/stm32cubeide_1.4.0/stm32cubeide/plugins/com.st.stm32cube.ide.mcu.externaltools.gnu-tools-for-stm32.7-2018-q2-update.win32_1.4.0.202007081208/tools/bin/../lib/gcc/arm-none-eabi/7.3.1/../../../../arm-none-eabi/lib/thumb/v7e-m/fpv4-sp/hard\libc_nano.a(lib_a-mlock.o)
                0x0000000008004560                __malloc_lock
 .text.__malloc_unlock
                0x0000000008004562        0x2 d:/stm32cubeide1.4.0/stm32cubeide_1.4.0/stm32cubeide/plugins/com.st.stm32cube.ide.mcu.externaltools.gnu-tools-for-stm32.7-2018-q2-update.win32_1.4.0.202007081208/tools/bin/../lib/gcc/arm-none-eabi/7.3.1/../../../../arm-none-eabi/lib/thumb/v7e-m/fpv4-sp/hard\libc_nano.a(lib_a-mlock.o)
                0x0000000008004562                __malloc_unlock
 .text._free_r  0x0000000008004564       0x9c d:/stm32cubeide1.4.0/stm32cubeide_1.4.0/stm32cubeide/plugins/com.st.stm32cube.ide.mcu.externaltools.gnu-tools-for-stm32.7-2018-q2-update.win32_1.4.0.202007081208/tools/bin/../lib/gcc/arm-none-eabi/7.3.1/../../../../arm-none-eabi/lib/thumb/v7e-m/fpv4-sp/hard\libc_nano.a(lib_a-nano-freer.o)
                0x0000000008004564                _free_r
 .text._malloc_usable_size_r
                0x0000000008004600       0x10 d:/stm32cubeide1.4.0/stm32cubeide_1.4.0/stm32cubeide/plugins/com.st.stm32cube.ide.mcu.externaltools.gnu-tools-for-stm32.7-2018-q2-update.win32_1.4.0.202007081208/tools/bin/../lib/gcc/arm-none-eabi/7.3.1/../../../../arm-none-eabi/lib/thumb/v7e-m/fpv4-sp/hard\libc_nano.a(lib_a-nano-msizer.o)
                0x0000000008004600                _malloc_usable_size_r
 *(.glue_7)
 .glue_7        0x0000000008004610        0x0 linker stubs
 *(.glue_7t)
 .glue_7t       0x0000000008004610        0x0 linker stubs
 *(.eh_frame)
 .eh_frame      0x0000000008004610        0x0 d:/stm32cubeide1.4.0/stm32cubeide_1.4.0/stm32cubeide/plugins/com.st.stm32cube.ide.mcu.externaltools.gnu-tools-for-stm32.7-2018-q2-update.win32_1.4.0.202007081208/tools/bin/../lib/gcc/arm-none-eabi/7.3.1/thumb/v7e-m/fpv4-sp/hard/crtbegin.o
 *(.init)
 .init          0x0000000008004610        0x4 d:/stm32cubeide1.4.0/stm32cubeide_1.4.0/stm32cubeide/plugins/com.st.stm32cube.ide.mcu.externaltools.gnu-tools-for-stm32.7-2018-q2-update.win32_1.4.0.202007081208/tools/bin/../lib/gcc/arm-none-eabi/7.3.1/thumb/v7e-m/fpv4-sp/hard/crti.o
                0x0000000008004610                _init
 .init          0x0000000008004614        0x8 d:/stm32cubeide1.4.0/stm32cubeide_1.4.0/stm32cubeide/plugins/com.st.stm32cube.ide.mcu.externaltools.gnu-tools-for-stm32.7-2018-q2-update.win32_1.4.0.202007081208/tools/bin/../lib/gcc/arm-none-eabi/7.3.1/thumb/v7e-m/fpv4-sp/hard/crtn.o
 *(.fini)
 .fini          0x000000000800461c        0x4 d:/stm32cubeide1.4.0/stm32cubeide_1.4.0/stm32cubeide/plugins/com.st.stm32cube.ide.mcu.externaltools.gnu-tools-for-stm32.7-2018-q2-update.win32_1.4.0.202007081208/tools/bin/../lib/gcc/arm-none-eabi/7.3.1/thumb/v7e-m/fpv4-sp/hard/crti.o
                0x000000000800461c                _fini
 .fini          0x0000000008004620        0x8 d:/stm32cubeide1.4.0/stm32cubeide_1.4.0/stm32cubeide/plugins/com.st.stm32cube.ide.mcu.externaltools.gnu-tools-for-stm32.7-2018-q2-update.win32_1.4.0.202007081208/tools/bin/../lib/gcc/arm-none-eabi/7.3.1/thumb/v7e-m/fpv4-sp/hard/crtn.o
                0x0000000008004628                . = ALIGN (0x4)
                0x0000000008004628                _etext = .

.vfp11_veneer   0x0000000008004628        0x0
 .vfp11_veneer  0x0000000008004628        0x0 linker stubs

.v4_bx          0x0000000008004628        0x0
 .v4_bx         0x0000000008004628        0x0 linker stubs

.iplt           0x0000000008004628        0x0
 .iplt          0x0000000008004628        0x0 d:/stm32cubeide1.4.0/stm32cubeide_1.4.0/stm32cubeide/plugins/com.st.stm32cube.ide.mcu.externaltools.gnu-tools-for-stm32.7-2018-q2-update.win32_1.4.0.202007081208/tools/bin/../lib/gcc/arm-none-eabi/7.3.1/thumb/v7e-m/fpv4-sp/hard/crtbegin.o

.rodata         0x0000000008004628      0x1b8
                0x0000000008004628                . = ALIGN (0x4)
 *(.rodata)
 .rodata        0x0000000008004628       0x4a Src/main.o
 *(.rodata*)
 *fill*         0x0000000008004672        0x2 
 .rodata.CHANNEL_OFFSET_TAB
                0x0000000008004674        0x7 Src/stm32f3xx_it.o
 *fill*         0x000000000800467b        0x1 
 .rodata.AHBPrescTable
                0x000000000800467c       0x10 Src/system_stm32f3xx.o
                0x000000000800467c                AHBPrescTable
 .rodata.APBPrescTable
                0x000000000800468c        0x8 Src/system_stm32f3xx.o
                0x000000000800468c                APBPrescTable
 .rodata.CHANNEL_OFFSET_TAB
                0x0000000008004694        0x7 Src/usart.o
 *fill*         0x000000000800469b        0x5 
 .rodata.__mprec_bigtens
                0x00000000080046a0       0x28 d:/stm32cubeide1.4.0/stm32cubeide_1.4.0/stm32cubeide/plugins/com.st.stm32cube.ide.mcu.externaltools.gnu-tools-for-stm32.7-2018-q2-update.win32_1.4.0.202007081208/tools/bin/../lib/gcc/arm-none-eabi/7.3.1/../../../../arm-none-eabi/lib/thumb/v7e-m/fpv4-sp/hard\libc_nano.a(lib_a-mprec.o)
                0x00000000080046a0                __mprec_bigtens
 .rodata.__mprec_tens
                0x00000000080046c8       0xc8 d:/stm32cubeide1.4.0/stm32cubeide_1.4.0/stm32cubeide/plugins/com.st.stm32cube.ide.mcu.externaltools.gnu-tools-for-stm32.7-2018-q2-update.win32_1.4.0.202007081208/tools/bin/../lib/gcc/arm-none-eabi/7.3.1/../../../../arm-none-eabi/lib/thumb/v7e-m/fpv4-sp/hard\libc_nano.a(lib_a-mprec.o)
                0x00000000080046c8                __mprec_tens
 .rodata.p05.7359
                0x0000000008004790        0xc d:/stm32cubeide1.4.0/stm32cubeide_1.4.0/stm32cubeide/plugins/com.st.stm32cube.ide.mcu.externaltools.gnu-tools-for-stm32.7-2018-q2-update.win32_1.4.0.202007081208/tools/bin/../lib/gcc/arm-none-eabi/7.3.1/../../../../arm-none-eabi/lib/thumb/v7e-m/fpv4-sp/hard\libc_nano.a(lib_a-mprec.o)
 .rodata._svfprintf_r.str1.1
                0x000000000800479c       0x11 d:/stm32cubeide1.4.0/stm32cubeide_1.4.0/stm32cubeide/plugins/com.st.stm32cube.ide.mcu.externaltools.gnu-tools-for-stm32.7-2018-q2-update.win32_1.4.0.202007081208/tools/bin/../lib/gcc/arm-none-eabi/7.3.1/../../../../arm-none-eabi/lib/thumb/v7e-m/fpv4-sp/hard\libc_nano.a(lib_a-nano-svfprintf.o)
 .rodata._printf_i.str1.1
                0x00000000080047ad       0x22 d:/stm32cubeide1.4.0/stm32cubeide_1.4.0/stm32cubeide/plugins/com.st.stm32cube.ide.mcu.externaltools.gnu-tools-for-stm32.7-2018-q2-update.win32_1.4.0.202007081208/tools/bin/../lib/gcc/arm-none-eabi/7.3.1/../../../../arm-none-eabi/lib/thumb/v7e-m/fpv4-sp/hard\libc_nano.a(lib_a-nano-vfprintf_i.o)
 .rodata._dtoa_r.str1.1
                0x00000000080047cf        0xf d:/stm32cubeide1.4.0/stm32cubeide_1.4.0/stm32cubeide/plugins/com.st.stm32cube.ide.mcu.externaltools.gnu-tools-for-stm32.7-2018-q2-update.win32_1.4.0.202007081208/tools/bin/../lib/gcc/arm-none-eabi/7.3.1/../../../../arm-none-eabi/lib/thumb/v7e-m/fpv4-sp/hard\libc_nano.a(lib_a-dtoa.o)
                0x00000000080047e0                . = ALIGN (0x4)
 *fill*         0x00000000080047de        0x2 

.rel.dyn        0x00000000080047e0        0x0
 .rel.iplt      0x00000000080047e0        0x0 d:/stm32cubeide1.4.0/stm32cubeide_1.4.0/stm32cubeide/plugins/com.st.stm32cube.ide.mcu.externaltools.gnu-tools-for-stm32.7-2018-q2-update.win32_1.4.0.202007081208/tools/bin/../lib/gcc/arm-none-eabi/7.3.1/thumb/v7e-m/fpv4-sp/hard/crtbegin.o

.ARM.extab      0x00000000080047e0        0x0
                0x00000000080047e0                . = ALIGN (0x4)
 *(.ARM.extab* .gnu.linkonce.armextab.*)
                0x00000000080047e0                . = ALIGN (0x4)

.ARM            0x00000000080047e0        0x0
                0x00000000080047e0                . = ALIGN (0x4)
                0x00000000080047e0                __exidx_start = .
 *(.ARM.exidx*)
                0x00000000080047e0                __exidx_end = .
                0x00000000080047e0                . = ALIGN (0x4)

.preinit_array  0x00000000080047e0        0x0
                0x00000000080047e0                . = ALIGN (0x4)
                0x00000000080047e0                PROVIDE (__preinit_array_start = .)
 *(.preinit_array*)
                0x00000000080047e0                PROVIDE (__preinit_array_end = .)
                0x00000000080047e0                . = ALIGN (0x4)

.init_array     0x00000000080047e0        0x4
                0x00000000080047e0                . = ALIGN (0x4)
                0x00000000080047e0                PROVIDE (__init_array_start = .)
 *(SORT_BY_NAME(.init_array.*))
 *(.init_array*)
 .init_array    0x00000000080047e0        0x4 d:/stm32cubeide1.4.0/stm32cubeide_1.4.0/stm32cubeide/plugins/com.st.stm32cube.ide.mcu.externaltools.gnu-tools-for-stm32.7-2018-q2-update.win32_1.4.0.202007081208/tools/bin/../lib/gcc/arm-none-eabi/7.3.1/thumb/v7e-m/fpv4-sp/hard/crtbegin.o
                0x00000000080047e4                PROVIDE (__init_array_end = .)
                0x00000000080047e4                . = ALIGN (0x4)

.fini_array     0x00000000080047e4        0x4
                0x00000000080047e4                . = ALIGN (0x4)
                [!provide]                        PROVIDE (__fini_array_start = .)
 *(SORT_BY_NAME(.fini_array.*))
 *(.fini_array*)
 .fini_array    0x00000000080047e4        0x4 d:/stm32cubeide1.4.0/stm32cubeide_1.4.0/stm32cubeide/plugins/com.st.stm32cube.ide.mcu.externaltools.gnu-tools-for-stm32.7-2018-q2-update.win32_1.4.0.202007081208/tools/bin/../lib/gcc/arm-none-eabi/7.3.1/thumb/v7e-m/fpv4-sp/hard/crtbegin.o
                [!provide]                        PROVIDE (__fini_array_end = .)
                0x00000000080047e8                . = ALIGN (0x4)
                0x00000000080047e8                _sidata = LOADADDR (.data)

.data           0x0000000020000000       0x84 load address 0x00000000080047e8
                0x0000000020000000                . = ALIGN (0x4)
                0x0000000020000000                _sdata = .
 *(.data)
 *(.data*)
 .data.test_message
                0x0000000020000000       0x1c Src/main.o
                0x0000000020000000                test_message
 .data.SystemCoreClock
                0x000000002000001c        0x4 Src/system_stm32f3xx.o
                0x000000002000001c                SystemCoreClock
 .data._impure_ptr
                0x0000000020000020        0x4 d:/stm32cubeide1.4.0/stm32cubeide_1.4.0/stm32cubeide/plugins/com.st.stm32cube.ide.mcu.externaltools.gnu-tools-for-stm32.7-2018-q2-update.win32_1.4.0.202007081208/tools/bin/../lib/gcc/arm-none-eabi/7.3.1/../../../../arm-none-eabi/lib/thumb/v7e-m/fpv4-sp/hard\libc_nano.a(lib_a-impure.o)
                0x0000000020000020                _impure_ptr
 .data.impure_data
                0x0000000020000024       0x60 d:/stm32cubeide1.4.0/stm32cubeide_1.4.0/stm32cubeide/plugins/com.st.stm32cube.ide.mcu.externaltools.gnu-tools-for-stm32.7-2018-q2-update.win32_1.4.0.202007081208/tools/bin/../lib/gcc/arm-none-eabi/7.3.1/../../../../arm-none-eabi/lib/thumb/v7e-m/fpv4-sp/hard\libc_nano.a(lib_a-impure.o)
                0x0000000020000084                . = ALIGN (0x4)
                0x0000000020000084                _edata = .

.igot.plt       0x0000000020000084        0x0 load address 0x000000000800486c
 .igot.plt      0x0000000020000084        0x0 d:/stm32cubeide1.4.0/stm32cubeide_1.4.0/stm32cubeide/plugins/com.st.stm32cube.ide.mcu.externaltools.gnu-tools-for-stm32.7-2018-q2-update.win32_1.4.0.202007081208/tools/bin/../lib/gcc/arm-none-eabi/7.3.1/thumb/v7e-m/fpv4-sp/hard/crtbegin.o
                0x0000000020000084                . = ALIGN (0x4)

.bss            0x0000000020000084      0x150 load address 0x000000000800486c
                0x0000000020000084                _sbss = .
                0x0000000020000084                __bss_start__ = _sbss
 *(.bss)
 .bss           0x0000000020000084       0x1c d:/stm32cubeide1.4.0/stm32cubeide_1.4.0/stm32cubeide/plugins/com.st.stm32cube.ide.mcu.externaltools.gnu-tools-for-stm32.7-2018-q2-update.win32_1.4.0.202007081208/tools/bin/../lib/gcc/arm-none-eabi/7.3.1/thumb/v7e-m/fpv4-sp/hard/crtbegin.o
 *(.bss*)
 .bss.test      0x00000000200000a0        0x4 Src/main.o
                0x00000000200000a0                test
 .bss.start     0x00000000200000a4        0x4 Src/main.o
                0x00000000200000a4                start
 .bss.count     0x00000000200000a8        0x4 Src/main.o
                0x00000000200000a8                count
 .bss.capL      0x00000000200000ac        0x4 Src/main.o
                0x00000000200000ac                capL
 .bss.lowL      0x00000000200000b0        0x4 Src/main.o
                0x00000000200000b0                lowL
 .bss.heap_end.6424
                0x00000000200000b4        0x4 Src/sysmem.o
 .bss.USART2_ProcessData
                0x00000000200000b8        0x4 Src/usart.o
 .bss.old_pos.8987
                0x00000000200000bc        0x2 Src/usart.o
 *fill*         0x00000000200000be        0x2 
 .bss.__malloc_free_list
                0x00000000200000c0        0x4 d:/stm32cubeide1.4.0/stm32cubeide_1.4.0/stm32cubeide/plugins/com.st.stm32cube.ide.mcu.externaltools.gnu-tools-for-stm32.7-2018-q2-update.win32_1.4.0.202007081208/tools/bin/../lib/gcc/arm-none-eabi/7.3.1/../../../../arm-none-eabi/lib/thumb/v7e-m/fpv4-sp/hard\libc_nano.a(lib_a-nano-mallocr.o)
                0x00000000200000c0                __malloc_free_list
 .bss.__malloc_sbrk_start
                0x00000000200000c4        0x4 d:/stm32cubeide1.4.0/stm32cubeide_1.4.0/stm32cubeide/plugins/com.st.stm32cube.ide.mcu.externaltools.gnu-tools-for-stm32.7-2018-q2-update.win32_1.4.0.202007081208/tools/bin/../lib/gcc/arm-none-eabi/7.3.1/../../../../arm-none-eabi/lib/thumb/v7e-m/fpv4-sp/hard\libc_nano.a(lib_a-nano-mallocr.o)
                0x00000000200000c4                __malloc_sbrk_start
 *(COMMON)
 COMMON         0x00000000200000c8        0x8 Src/dma.o
                0x00000000200000c8                occupied_memory
                0x00000000200000c9                Buffer_capacity
                0x00000000200000cc                load
 COMMON         0x00000000200000d0      0x100 Src/usart.o
                0x00000000200000d0                bufferUSART2dma
 COMMON         0x00000000200001d0        0x4 d:/stm32cubeide1.4.0/stm32cubeide_1.4.0/stm32cubeide/plugins/com.st.stm32cube.ide.mcu.externaltools.gnu-tools-for-stm32.7-2018-q2-update.win32_1.4.0.202007081208/tools/bin/../lib/gcc/arm-none-eabi/7.3.1/../../../../arm-none-eabi/lib/thumb/v7e-m/fpv4-sp/hard\libc_nano.a(lib_a-reent.o)
                0x00000000200001d0                errno
                0x00000000200001d4                . = ALIGN (0x4)
                0x00000000200001d4                _ebss = .
                0x00000000200001d4                __bss_end__ = _ebss

._user_heap_stack
                0x00000000200001d4      0x604 load address 0x000000000800486c
                0x00000000200001d8                . = ALIGN (0x8)
 *fill*         0x00000000200001d4        0x4 
                0x00000000200001d8                PROVIDE (end = .)
                [!provide]                        PROVIDE (_end = .)
                0x00000000200003d8                . = (. + _Min_Heap_Size)
 *fill*         0x00000000200001d8      0x200 
                0x00000000200007d8                . = (. + _Min_Stack_Size)
 *fill*         0x00000000200003d8      0x400 
                0x00000000200007d8                . = ALIGN (0x8)

/DISCARD/
 libc.a(*)
 libm.a(*)
 libgcc.a(*)

.ARM.attributes
                0x0000000000000000       0x30
 *(.ARM.attributes)
 .ARM.attributes
                0x0000000000000000       0x22 d:/stm32cubeide1.4.0/stm32cubeide_1.4.0/stm32cubeide/plugins/com.st.stm32cube.ide.mcu.externaltools.gnu-tools-for-stm32.7-2018-q2-update.win32_1.4.0.202007081208/tools/bin/../lib/gcc/arm-none-eabi/7.3.1/thumb/v7e-m/fpv4-sp/hard/crti.o
 .ARM.attributes
                0x0000000000000022       0x34 d:/stm32cubeide1.4.0/stm32cubeide_1.4.0/stm32cubeide/plugins/com.st.stm32cube.ide.mcu.externaltools.gnu-tools-for-stm32.7-2018-q2-update.win32_1.4.0.202007081208/tools/bin/../lib/gcc/arm-none-eabi/7.3.1/thumb/v7e-m/fpv4-sp/hard/crtbegin.o
 .ARM.attributes
                0x0000000000000056       0x39 Drivers/STM32F3xx_HAL_Driver/Src/stm32f3xx_ll_gpio.o
 .ARM.attributes
                0x000000000000008f       0x39 Drivers/STM32F3xx_HAL_Driver/Src/stm32f3xx_ll_rcc.o
 .ARM.attributes
                0x00000000000000c8       0x39 Drivers/STM32F3xx_HAL_Driver/Src/stm32f3xx_ll_usart.o
 .ARM.attributes
                0x0000000000000101       0x39 Drivers/STM32F3xx_HAL_Driver/Src/stm32f3xx_ll_utils.o
 .ARM.attributes
                0x000000000000013a       0x39 Src/dma.o
 .ARM.attributes
                0x0000000000000173       0x39 Src/gpio.o
 .ARM.attributes
                0x00000000000001ac       0x39 Src/main.o
 .ARM.attributes
                0x00000000000001e5       0x39 Src/stm32f3xx_it.o
 .ARM.attributes
                0x000000000000021e       0x39 Src/sysmem.o
 .ARM.attributes
                0x0000000000000257       0x39 Src/system_stm32f3xx.o
 .ARM.attributes
                0x0000000000000290       0x39 Src/usart.o
 .ARM.attributes
                0x00000000000002c9       0x21 Startup/startup_stm32f303k8tx.o
 .ARM.attributes
                0x00000000000002ea       0x34 d:/stm32cubeide1.4.0/stm32cubeide_1.4.0/stm32cubeide/plugins/com.st.stm32cube.ide.mcu.externaltools.gnu-tools-for-stm32.7-2018-q2-update.win32_1.4.0.202007081208/tools/bin/../lib/gcc/arm-none-eabi/7.3.1/../../../../arm-none-eabi/lib/thumb/v7e-m/fpv4-sp/hard\libc_nano.a(lib_a-efgcvt.o)
 .ARM.attributes
                0x000000000000031e       0x34 d:/stm32cubeide1.4.0/stm32cubeide_1.4.0/stm32cubeide/plugins/com.st.stm32cube.ide.mcu.externaltools.gnu-tools-for-stm32.7-2018-q2-update.win32_1.4.0.202007081208/tools/bin/../lib/gcc/arm-none-eabi/7.3.1/../../../../arm-none-eabi/lib/thumb/v7e-m/fpv4-sp/hard\libc_nano.a(lib_a-errno.o)
 .ARM.attributes
                0x0000000000000352       0x34 d:/stm32cubeide1.4.0/stm32cubeide_1.4.0/stm32cubeide/plugins/com.st.stm32cube.ide.mcu.externaltools.gnu-tools-for-stm32.7-2018-q2-update.win32_1.4.0.202007081208/tools/bin/../lib/gcc/arm-none-eabi/7.3.1/../../../../arm-none-eabi/lib/thumb/v7e-m/fpv4-sp/hard\libc_nano.a(lib_a-impure.o)
 .ARM.attributes
                0x0000000000000386       0x34 d:/stm32cubeide1.4.0/stm32cubeide_1.4.0/stm32cubeide/plugins/com.st.stm32cube.ide.mcu.externaltools.gnu-tools-for-stm32.7-2018-q2-update.win32_1.4.0.202007081208/tools/bin/../lib/gcc/arm-none-eabi/7.3.1/../../../../arm-none-eabi/lib/thumb/v7e-m/fpv4-sp/hard\libc_nano.a(lib_a-init.o)
 .ARM.attributes
                0x00000000000003ba       0x34 d:/stm32cubeide1.4.0/stm32cubeide_1.4.0/stm32cubeide/plugins/com.st.stm32cube.ide.mcu.externaltools.gnu-tools-for-stm32.7-2018-q2-update.win32_1.4.0.202007081208/tools/bin/../lib/gcc/arm-none-eabi/7.3.1/../../../../arm-none-eabi/lib/thumb/v7e-m/fpv4-sp/hard\libc_nano.a(lib_a-memset.o)
 .ARM.attributes
                0x00000000000003ee       0x34 d:/stm32cubeide1.4.0/stm32cubeide_1.4.0/stm32cubeide/plugins/com.st.stm32cube.ide.mcu.externaltools.gnu-tools-for-stm32.7-2018-q2-update.win32_1.4.0.202007081208/tools/bin/../lib/gcc/arm-none-eabi/7.3.1/../../../../arm-none-eabi/lib/thumb/v7e-m/fpv4-sp/hard\libc_nano.a(lib_a-sprintf.o)
 .ARM.attributes
                0x0000000000000422       0x34 d:/stm32cubeide1.4.0/stm32cubeide_1.4.0/stm32cubeide/plugins/com.st.stm32cube.ide.mcu.externaltools.gnu-tools-for-stm32.7-2018-q2-update.win32_1.4.0.202007081208/tools/bin/../lib/gcc/arm-none-eabi/7.3.1/../../../../arm-none-eabi/lib/thumb/v7e-m/fpv4-sp/hard\libc_nano.a(lib_a-strcat.o)
 .ARM.attributes
                0x0000000000000456       0x34 d:/stm32cubeide1.4.0/stm32cubeide_1.4.0/stm32cubeide/plugins/com.st.stm32cube.ide.mcu.externaltools.gnu-tools-for-stm32.7-2018-q2-update.win32_1.4.0.202007081208/tools/bin/../lib/gcc/arm-none-eabi/7.3.1/../../../../arm-none-eabi/lib/thumb/v7e-m/fpv4-sp/hard\libc_nano.a(lib_a-ecvtbuf.o)
 .ARM.attributes
                0x000000000000048a       0x34 d:/stm32cubeide1.4.0/stm32cubeide_1.4.0/stm32cubeide/plugins/com.st.stm32cube.ide.mcu.externaltools.gnu-tools-for-stm32.7-2018-q2-update.win32_1.4.0.202007081208/tools/bin/../lib/gcc/arm-none-eabi/7.3.1/../../../../arm-none-eabi/lib/thumb/v7e-m/fpv4-sp/hard\libc_nano.a(lib_a-mprec.o)
 .ARM.attributes
                0x00000000000004be       0x34 d:/stm32cubeide1.4.0/stm32cubeide_1.4.0/stm32cubeide/plugins/com.st.stm32cube.ide.mcu.externaltools.gnu-tools-for-stm32.7-2018-q2-update.win32_1.4.0.202007081208/tools/bin/../lib/gcc/arm-none-eabi/7.3.1/../../../../arm-none-eabi/lib/thumb/v7e-m/fpv4-sp/hard\libc_nano.a(lib_a-nano-callocr.o)
 .ARM.attributes
                0x00000000000004f2       0x34 d:/stm32cubeide1.4.0/stm32cubeide_1.4.0/stm32cubeide/plugins/com.st.stm32cube.ide.mcu.externaltools.gnu-tools-for-stm32.7-2018-q2-update.win32_1.4.0.202007081208/tools/bin/../lib/gcc/arm-none-eabi/7.3.1/../../../../arm-none-eabi/lib/thumb/v7e-m/fpv4-sp/hard\libc_nano.a(lib_a-nano-mallocr.o)
 .ARM.attributes
                0x0000000000000526       0x34 d:/stm32cubeide1.4.0/stm32cubeide_1.4.0/stm32cubeide/plugins/com.st.stm32cube.ide.mcu.externaltools.gnu-tools-for-stm32.7-2018-q2-update.win32_1.4.0.202007081208/tools/bin/../lib/gcc/arm-none-eabi/7.3.1/../../../../arm-none-eabi/lib/thumb/v7e-m/fpv4-sp/hard\libc_nano.a(lib_a-nano-reallocr.o)
 .ARM.attributes
                0x000000000000055a       0x34 d:/stm32cubeide1.4.0/stm32cubeide_1.4.0/stm32cubeide/plugins/com.st.stm32cube.ide.mcu.externaltools.gnu-tools-for-stm32.7-2018-q2-update.win32_1.4.0.202007081208/tools/bin/../lib/gcc/arm-none-eabi/7.3.1/../../../../arm-none-eabi/lib/thumb/v7e-m/fpv4-sp/hard\libc_nano.a(lib_a-nano-svfprintf.o)
 .ARM.attributes
                0x000000000000058e       0x34 d:/stm32cubeide1.4.0/stm32cubeide_1.4.0/stm32cubeide/plugins/com.st.stm32cube.ide.mcu.externaltools.gnu-tools-for-stm32.7-2018-q2-update.win32_1.4.0.202007081208/tools/bin/../lib/gcc/arm-none-eabi/7.3.1/../../../../arm-none-eabi/lib/thumb/v7e-m/fpv4-sp/hard\libc_nano.a(lib_a-nano-vfprintf_i.o)
 .ARM.attributes
                0x00000000000005c2       0x34 d:/stm32cubeide1.4.0/stm32cubeide_1.4.0/stm32cubeide/plugins/com.st.stm32cube.ide.mcu.externaltools.gnu-tools-for-stm32.7-2018-q2-update.win32_1.4.0.202007081208/tools/bin/../lib/gcc/arm-none-eabi/7.3.1/../../../../arm-none-eabi/lib/thumb/v7e-m/fpv4-sp/hard\libc_nano.a(lib_a-sbrkr.o)
 .ARM.attributes
                0x00000000000005f6       0x34 d:/stm32cubeide1.4.0/stm32cubeide_1.4.0/stm32cubeide/plugins/com.st.stm32cube.ide.mcu.externaltools.gnu-tools-for-stm32.7-2018-q2-update.win32_1.4.0.202007081208/tools/bin/../lib/gcc/arm-none-eabi/7.3.1/../../../../arm-none-eabi/lib/thumb/v7e-m/fpv4-sp/hard\libc_nano.a(lib_a-strcpy.o)
 .ARM.attributes
                0x000000000000062a       0x34 d:/stm32cubeide1.4.0/stm32cubeide_1.4.0/stm32cubeide/plugins/com.st.stm32cube.ide.mcu.externaltools.gnu-tools-for-stm32.7-2018-q2-update.win32_1.4.0.202007081208/tools/bin/../lib/gcc/arm-none-eabi/7.3.1/../../../../arm-none-eabi/lib/thumb/v7e-m/fpv4-sp/hard\libc_nano.a(lib_a-dtoa.o)
 .ARM.attributes
                0x000000000000065e       0x34 d:/stm32cubeide1.4.0/stm32cubeide_1.4.0/stm32cubeide/plugins/com.st.stm32cube.ide.mcu.externaltools.gnu-tools-for-stm32.7-2018-q2-update.win32_1.4.0.202007081208/tools/bin/../lib/gcc/arm-none-eabi/7.3.1/../../../../arm-none-eabi/lib/thumb/v7e-m/fpv4-sp/hard\libc_nano.a(lib_a-malloc.o)
 .ARM.attributes
                0x0000000000000692       0x20 d:/stm32cubeide1.4.0/stm32cubeide_1.4.0/stm32cubeide/plugins/com.st.stm32cube.ide.mcu.externaltools.gnu-tools-for-stm32.7-2018-q2-update.win32_1.4.0.202007081208/tools/bin/../lib/gcc/arm-none-eabi/7.3.1/../../../../arm-none-eabi/lib/thumb/v7e-m/fpv4-sp/hard\libc_nano.a(lib_a-memchr.o)
 .ARM.attributes
                0x00000000000006b2       0x34 d:/stm32cubeide1.4.0/stm32cubeide_1.4.0/stm32cubeide/plugins/com.st.stm32cube.ide.mcu.externaltools.gnu-tools-for-stm32.7-2018-q2-update.win32_1.4.0.202007081208/tools/bin/../lib/gcc/arm-none-eabi/7.3.1/../../../../arm-none-eabi/lib/thumb/v7e-m/fpv4-sp/hard\libc_nano.a(lib_a-memcpy-stub.o)
 .ARM.attributes
                0x00000000000006e6       0x34 d:/stm32cubeide1.4.0/stm32cubeide_1.4.0/stm32cubeide/plugins/com.st.stm32cube.ide.mcu.externaltools.gnu-tools-for-stm32.7-2018-q2-update.win32_1.4.0.202007081208/tools/bin/../lib/gcc/arm-none-eabi/7.3.1/../../../../arm-none-eabi/lib/thumb/v7e-m/fpv4-sp/hard\libc_nano.a(lib_a-memmove.o)
 .ARM.attributes
                0x000000000000071a       0x34 d:/stm32cubeide1.4.0/stm32cubeide_1.4.0/stm32cubeide/plugins/com.st.stm32cube.ide.mcu.externaltools.gnu-tools-for-stm32.7-2018-q2-update.win32_1.4.0.202007081208/tools/bin/../lib/gcc/arm-none-eabi/7.3.1/../../../../arm-none-eabi/lib/thumb/v7e-m/fpv4-sp/hard\libc_nano.a(lib_a-mlock.o)
 .ARM.attributes
                0x000000000000074e       0x34 d:/stm32cubeide1.4.0/stm32cubeide_1.4.0/stm32cubeide/plugins/com.st.stm32cube.ide.mcu.externaltools.gnu-tools-for-stm32.7-2018-q2-update.win32_1.4.0.202007081208/tools/bin/../lib/gcc/arm-none-eabi/7.3.1/../../../../arm-none-eabi/lib/thumb/v7e-m/fpv4-sp/hard\libc_nano.a(lib_a-nano-freer.o)
 .ARM.attributes
                0x0000000000000782       0x34 d:/stm32cubeide1.4.0/stm32cubeide_1.4.0/stm32cubeide/plugins/com.st.stm32cube.ide.mcu.externaltools.gnu-tools-for-stm32.7-2018-q2-update.win32_1.4.0.202007081208/tools/bin/../lib/gcc/arm-none-eabi/7.3.1/../../../../arm-none-eabi/lib/thumb/v7e-m/fpv4-sp/hard\libc_nano.a(lib_a-nano-msizer.o)
 .ARM.attributes
                0x00000000000007b6       0x34 d:/stm32cubeide1.4.0/stm32cubeide_1.4.0/stm32cubeide/plugins/com.st.stm32cube.ide.mcu.externaltools.gnu-tools-for-stm32.7-2018-q2-update.win32_1.4.0.202007081208/tools/bin/../lib/gcc/arm-none-eabi/7.3.1/../../../../arm-none-eabi/lib/thumb/v7e-m/fpv4-sp/hard\libc_nano.a(lib_a-reent.o)
 .ARM.attributes
                0x00000000000007ea       0x22 d:/stm32cubeide1.4.0/stm32cubeide_1.4.0/stm32cubeide/plugins/com.st.stm32cube.ide.mcu.externaltools.gnu-tools-for-stm32.7-2018-q2-update.win32_1.4.0.202007081208/tools/bin/../lib/gcc/arm-none-eabi/7.3.1/thumb/v7e-m/fpv4-sp/hard\libgcc.a(_arm_addsubdf3.o)
 .ARM.attributes
                0x000000000000080c       0x22 d:/stm32cubeide1.4.0/stm32cubeide_1.4.0/stm32cubeide/plugins/com.st.stm32cube.ide.mcu.externaltools.gnu-tools-for-stm32.7-2018-q2-update.win32_1.4.0.202007081208/tools/bin/../lib/gcc/arm-none-eabi/7.3.1/thumb/v7e-m/fpv4-sp/hard\libgcc.a(_arm_muldivdf3.o)
 .ARM.attributes
                0x000000000000082e       0x22 d:/stm32cubeide1.4.0/stm32cubeide_1.4.0/stm32cubeide/plugins/com.st.stm32cube.ide.mcu.externaltools.gnu-tools-for-stm32.7-2018-q2-update.win32_1.4.0.202007081208/tools/bin/../lib/gcc/arm-none-eabi/7.3.1/thumb/v7e-m/fpv4-sp/hard\libgcc.a(_arm_cmpdf2.o)
 .ARM.attributes
                0x0000000000000850       0x22 d:/stm32cubeide1.4.0/stm32cubeide_1.4.0/stm32cubeide/plugins/com.st.stm32cube.ide.mcu.externaltools.gnu-tools-for-stm32.7-2018-q2-update.win32_1.4.0.202007081208/tools/bin/../lib/gcc/arm-none-eabi/7.3.1/thumb/v7e-m/fpv4-sp/hard\libgcc.a(_arm_fixdfsi.o)
 .ARM.attributes
                0x0000000000000872       0x22 d:/stm32cubeide1.4.0/stm32cubeide_1.4.0/stm32cubeide/plugins/com.st.stm32cube.ide.mcu.externaltools.gnu-tools-for-stm32.7-2018-q2-update.win32_1.4.0.202007081208/tools/bin/../lib/gcc/arm-none-eabi/7.3.1/thumb/v7e-m/fpv4-sp/hard/crtn.o
OUTPUT(usart_DMA.elf elf32-littlearm)

.debug_info     0x0000000000000000     0x646e
 .debug_info    0x0000000000000000      0x7e2 Drivers/STM32F3xx_HAL_Driver/Src/stm32f3xx_ll_gpio.o
 .debug_info    0x00000000000007e2      0x704 Drivers/STM32F3xx_HAL_Driver/Src/stm32f3xx_ll_rcc.o
 .debug_info    0x0000000000000ee6      0x6be Drivers/STM32F3xx_HAL_Driver/Src/stm32f3xx_ll_usart.o
 .debug_info    0x00000000000015a4      0x818 Drivers/STM32F3xx_HAL_Driver/Src/stm32f3xx_ll_utils.o
 .debug_info    0x0000000000001dbc      0x6eb Src/dma.o
 .debug_info    0x00000000000024a7      0x3cf Src/gpio.o
 .debug_info    0x0000000000002876     0x1101 Src/main.o
 .debug_info    0x0000000000003977      0x559 Src/stm32f3xx_it.o
 .debug_info    0x0000000000003ed0      0x91c Src/sysmem.o
 .debug_info    0x00000000000047ec      0x400 Src/system_stm32f3xx.o
 .debug_info    0x0000000000004bec     0x1860 Src/usart.o
 .debug_info    0x000000000000644c       0x22 Startup/startup_stm32f303k8tx.o

.debug_abbrev   0x0000000000000000     0x1527
 .debug_abbrev  0x0000000000000000      0x212 Drivers/STM32F3xx_HAL_Driver/Src/stm32f3xx_ll_gpio.o
 .debug_abbrev  0x0000000000000212      0x238 Drivers/STM32F3xx_HAL_Driver/Src/stm32f3xx_ll_rcc.o
 .debug_abbrev  0x000000000000044a      0x1b1 Drivers/STM32F3xx_HAL_Driver/Src/stm32f3xx_ll_usart.o
 .debug_abbrev  0x00000000000005fb      0x266 Drivers/STM32F3xx_HAL_Driver/Src/stm32f3xx_ll_utils.o
 .debug_abbrev  0x0000000000000861      0x18f Src/dma.o
 .debug_abbrev  0x00000000000009f0      0x16e Src/gpio.o
 .debug_abbrev  0x0000000000000b5e      0x2c5 Src/main.o
 .debug_abbrev  0x0000000000000e23      0x187 Src/stm32f3xx_it.o
 .debug_abbrev  0x0000000000000faa      0x1bb Src/sysmem.o
 .debug_abbrev  0x0000000000001165      0x111 Src/system_stm32f3xx.o
 .debug_abbrev  0x0000000000001276      0x29f Src/usart.o
 .debug_abbrev  0x0000000000001515       0x12 Startup/startup_stm32f303k8tx.o

.debug_aranges  0x0000000000000000      0x640
 .debug_aranges
                0x0000000000000000       0x70 Drivers/STM32F3xx_HAL_Driver/Src/stm32f3xx_ll_gpio.o
 .debug_aranges
                0x0000000000000070      0x100 Drivers/STM32F3xx_HAL_Driver/Src/stm32f3xx_ll_rcc.o
 .debug_aranges
                0x0000000000000170       0x88 Drivers/STM32F3xx_HAL_Driver/Src/stm32f3xx_ll_usart.o
 .debug_aranges
                0x00000000000001f8       0xf0 Drivers/STM32F3xx_HAL_Driver/Src/stm32f3xx_ll_utils.o
 .debug_aranges
                0x00000000000002e8       0x38 Src/dma.o
 .debug_aranges
                0x0000000000000320       0x30 Src/gpio.o
 .debug_aranges
                0x0000000000000350       0xa8 Src/main.o
 .debug_aranges
                0x00000000000003f8       0xc8 Src/stm32f3xx_it.o
 .debug_aranges
                0x00000000000004c0       0x20 Src/sysmem.o
 .debug_aranges
                0x00000000000004e0       0x28 Src/system_stm32f3xx.o
 .debug_aranges
                0x0000000000000508      0x110 Src/usart.o
 .debug_aranges
                0x0000000000000618       0x28 Startup/startup_stm32f303k8tx.o

.debug_ranges   0x0000000000000000      0x588
 .debug_ranges  0x0000000000000000       0x60 Drivers/STM32F3xx_HAL_Driver/Src/stm32f3xx_ll_gpio.o
 .debug_ranges  0x0000000000000060       0xf0 Drivers/STM32F3xx_HAL_Driver/Src/stm32f3xx_ll_rcc.o
 .debug_ranges  0x0000000000000150       0x78 Drivers/STM32F3xx_HAL_Driver/Src/stm32f3xx_ll_usart.o
 .debug_ranges  0x00000000000001c8       0xe0 Drivers/STM32F3xx_HAL_Driver/Src/stm32f3xx_ll_utils.o
 .debug_ranges  0x00000000000002a8       0x28 Src/dma.o
 .debug_ranges  0x00000000000002d0       0x20 Src/gpio.o
 .debug_ranges  0x00000000000002f0       0x98 Src/main.o
 .debug_ranges  0x0000000000000388       0xb8 Src/stm32f3xx_it.o
 .debug_ranges  0x0000000000000440       0x10 Src/sysmem.o
 .debug_ranges  0x0000000000000450       0x18 Src/system_stm32f3xx.o
 .debug_ranges  0x0000000000000468      0x100 Src/usart.o
 .debug_ranges  0x0000000000000568       0x20 Startup/startup_stm32f303k8tx.o

.debug_macro    0x0000000000000000     0x3530
 .debug_macro   0x0000000000000000      0x10c Drivers/STM32F3xx_HAL_Driver/Src/stm32f3xx_ll_gpio.o
 .debug_macro   0x000000000000010c      0x149 Drivers/STM32F3xx_HAL_Driver/Src/stm32f3xx_ll_gpio.o
 .debug_macro   0x0000000000000255       0xff Drivers/STM32F3xx_HAL_Driver/Src/stm32f3xx_ll_rcc.o
 .debug_macro   0x0000000000000354      0x4b5 Drivers/STM32F3xx_HAL_Driver/Src/stm32f3xx_ll_rcc.o
 .debug_macro   0x0000000000000809      0x13f Drivers/STM32F3xx_HAL_Driver/Src/stm32f3xx_ll_usart.o
 .debug_macro   0x0000000000000948      0x2f1 Drivers/STM32F3xx_HAL_Driver/Src/stm32f3xx_ll_usart.o
 .debug_macro   0x0000000000000c39      0x4bb Drivers/STM32F3xx_HAL_Driver/Src/stm32f3xx_ll_usart.o
 .debug_macro   0x00000000000010f4      0x14a Drivers/STM32F3xx_HAL_Driver/Src/stm32f3xx_ll_utils.o
 .debug_macro   0x000000000000123e       0x30 Drivers/STM32F3xx_HAL_Driver/Src/stm32f3xx_ll_utils.o
 .debug_macro   0x000000000000126e      0x2a5 Drivers/STM32F3xx_HAL_Driver/Src/stm32f3xx_ll_utils.o
 .debug_macro   0x0000000000001513       0xaf Drivers/STM32F3xx_HAL_Driver/Src/stm32f3xx_ll_utils.o
 .debug_macro   0x00000000000015c2      0x143 Src/dma.o
 .debug_macro   0x0000000000001705      0x102 Src/dma.o
 .debug_macro   0x0000000000001807       0x28 Src/dma.o
 .debug_macro   0x000000000000182f      0x2f7 Src/dma.o
 .debug_macro   0x0000000000001b26      0x14f Src/dma.o
 .debug_macro   0x0000000000001c75       0x22 Src/dma.o
 .debug_macro   0x0000000000001c97      0x143 Src/gpio.o
 .debug_macro   0x0000000000001dda      0x2f4 Src/main.o
 .debug_macro   0x00000000000020ce       0x46 Src/main.o
 .debug_macro   0x0000000000002114       0x18 Src/main.o
 .debug_macro   0x000000000000212c       0x3c Src/main.o
 .debug_macro   0x0000000000002168       0x34 Src/main.o
 .debug_macro   0x000000000000219c       0x16 Src/main.o
 .debug_macro   0x00000000000021b2       0x97 Src/main.o
 .debug_macro   0x0000000000002249      0x330 Src/main.o
 .debug_macro   0x0000000000002579       0xfd Src/main.o
 .debug_macro   0x0000000000002676       0x10 Src/main.o
 .debug_macro   0x0000000000002686       0x52 Src/main.o
 .debug_macro   0x00000000000026d8       0x1f Src/main.o
 .debug_macro   0x00000000000026f7       0x43 Src/main.o
 .debug_macro   0x000000000000273a       0x20 Src/main.o
 .debug_macro   0x000000000000275a      0x1a3 Src/main.o
 .debug_macro   0x00000000000028fd       0x10 Src/main.o
 .debug_macro   0x000000000000290d       0x1c Src/main.o
 .debug_macro   0x0000000000002929       0x52 Src/main.o
 .debug_macro   0x000000000000297b       0x40 Src/main.o
 .debug_macro   0x00000000000029bb       0x10 Src/main.o
 .debug_macro   0x00000000000029cb       0x40 Src/main.o
 .debug_macro   0x0000000000002a0b       0xd7 Src/main.o
 .debug_macro   0x0000000000002ae2       0x1c Src/main.o
 .debug_macro   0x0000000000002afe       0x3d Src/main.o
 .debug_macro   0x0000000000002b3b       0x16 Src/main.o
 .debug_macro   0x0000000000002b51      0x145 Src/main.o
 .debug_macro   0x0000000000002c96       0x16 Src/main.o
 .debug_macro   0x0000000000002cac       0x35 Src/main.o
 .debug_macro   0x0000000000002ce1       0x20 Src/main.o
 .debug_macro   0x0000000000002d01      0x157 Src/stm32f3xx_it.o
 .debug_macro   0x0000000000002e58      0x1ae Src/sysmem.o
 .debug_macro   0x0000000000003006      0x23b Src/sysmem.o
 .debug_macro   0x0000000000003241       0xd0 Src/system_stm32f3xx.o
 .debug_macro   0x0000000000003311      0x20f Src/usart.o
 .debug_macro   0x0000000000003520       0x10 Src/usart.o

.debug_line     0x0000000000000000     0x524a
 .debug_line    0x0000000000000000      0x6db Drivers/STM32F3xx_HAL_Driver/Src/stm32f3xx_ll_gpio.o
 .debug_line    0x00000000000006db      0x7b6 Drivers/STM32F3xx_HAL_Driver/Src/stm32f3xx_ll_rcc.o
 .debug_line    0x0000000000000e91      0x68c Drivers/STM32F3xx_HAL_Driver/Src/stm32f3xx_ll_usart.o
 .debug_line    0x000000000000151d      0x7cf Drivers/STM32F3xx_HAL_Driver/Src/stm32f3xx_ll_utils.o
 .debug_line    0x0000000000001cec      0x61e Src/dma.o
 .debug_line    0x000000000000230a      0x610 Src/gpio.o
 .debug_line    0x000000000000291a      0xaa5 Src/main.o
 .debug_line    0x00000000000033bf      0x7ab Src/stm32f3xx_it.o
 .debug_line    0x0000000000003b6a      0x699 Src/sysmem.o
 .debug_line    0x0000000000004203      0x4f5 Src/system_stm32f3xx.o
 .debug_line    0x00000000000046f8      0xad1 Src/usart.o
 .debug_line    0x00000000000051c9       0x81 Startup/startup_stm32f303k8tx.o

.debug_str      0x0000000000000000    0x7221f
 .debug_str     0x0000000000000000    0x64662 Drivers/STM32F3xx_HAL_Driver/Src/stm32f3xx_ll_gpio.o
                                      0x64813 (size before relaxing)
 .debug_str     0x0000000000064662     0x27f1 Drivers/STM32F3xx_HAL_Driver/Src/stm32f3xx_ll_rcc.o
                                      0x65c3d (size before relaxing)
 .debug_str     0x0000000000066e53     0x1a39 Drivers/STM32F3xx_HAL_Driver/Src/stm32f3xx_ll_usart.o
                                      0x67751 (size before relaxing)
 .debug_str     0x000000000006888c     0x2d33 Drivers/STM32F3xx_HAL_Driver/Src/stm32f3xx_ll_utils.o
                                      0x684ad (size before relaxing)
 .debug_str     0x000000000006b5bf     0x1c50 Src/dma.o
                                      0x6b151 (size before relaxing)
 .debug_str     0x000000000006d20f       0x3c Src/gpio.o
                                      0x6ae21 (size before relaxing)
 .debug_str     0x000000000006d24b     0x4537 Src/main.o
                                      0x6f52f (size before relaxing)
 .debug_str     0x0000000000071782      0x225 Src/stm32f3xx_it.o
                                      0x6af7b (size before relaxing)
 .debug_str     0x00000000000719a7      0x4b9 Src/sysmem.o
                                       0x7b8f (size before relaxing)
 .debug_str     0x0000000000071e60       0x64 Src/system_stm32f3xx.o
                                      0x634b9 (size before relaxing)
 .debug_str     0x0000000000071ec4      0x32a Src/usart.o
                                      0x6e91e (size before relaxing)
 .debug_str     0x00000000000721ee       0x31 Startup/startup_stm32f303k8tx.o
                                         0x50 (size before relaxing)

.comment        0x0000000000000000       0x7b
 .comment       0x0000000000000000       0x7b Drivers/STM32F3xx_HAL_Driver/Src/stm32f3xx_ll_gpio.o
                                         0x7c (size before relaxing)
 .comment       0x000000000000007b       0x7c Drivers/STM32F3xx_HAL_Driver/Src/stm32f3xx_ll_rcc.o
 .comment       0x000000000000007b       0x7c Drivers/STM32F3xx_HAL_Driver/Src/stm32f3xx_ll_usart.o
 .comment       0x000000000000007b       0x7c Drivers/STM32F3xx_HAL_Driver/Src/stm32f3xx_ll_utils.o
 .comment       0x000000000000007b       0x7c Src/dma.o
 .comment       0x000000000000007b       0x7c Src/gpio.o
 .comment       0x000000000000007b       0x7c Src/main.o
 .comment       0x000000000000007b       0x7c Src/stm32f3xx_it.o
 .comment       0x000000000000007b       0x7c Src/sysmem.o
 .comment       0x000000000000007b       0x7c Src/system_stm32f3xx.o
 .comment       0x000000000000007b       0x7c Src/usart.o

.debug_frame    0x0000000000000000     0x22b8
 .debug_frame   0x0000000000000000      0x1c0 Drivers/STM32F3xx_HAL_Driver/Src/stm32f3xx_ll_gpio.o
 .debug_frame   0x00000000000001c0      0x408 Drivers/STM32F3xx_HAL_Driver/Src/stm32f3xx_ll_rcc.o
 .debug_frame   0x00000000000005c8      0x238 Drivers/STM32F3xx_HAL_Driver/Src/stm32f3xx_ll_usart.o
 .debug_frame   0x0000000000000800      0x3dc Drivers/STM32F3xx_HAL_Driver/Src/stm32f3xx_ll_utils.o
 .debug_frame   0x0000000000000bdc       0xa4 Src/dma.o
 .debug_frame   0x0000000000000c80       0x84 Src/gpio.o
 .debug_frame   0x0000000000000d04      0x2a8 Src/main.o
 .debug_frame   0x0000000000000fac      0x2f4 Src/stm32f3xx_it.o
 .debug_frame   0x00000000000012a0       0x34 Src/sysmem.o
 .debug_frame   0x00000000000012d4       0x58 Src/system_stm32f3xx.o
 .debug_frame   0x000000000000132c      0x4ec Src/usart.o
 .debug_frame   0x0000000000001818       0xcc d:/stm32cubeide1.4.0/stm32cubeide_1.4.0/stm32cubeide/plugins/com.st.stm32cube.ide.mcu.externaltools.gnu-tools-for-stm32.7-2018-q2-update.win32_1.4.0.202007081208/tools/bin/../lib/gcc/arm-none-eabi/7.3.1/../../../../arm-none-eabi/lib/thumb/v7e-m/fpv4-sp/hard\libc_nano.a(lib_a-efgcvt.o)
 .debug_frame   0x00000000000018e4       0x20 d:/stm32cubeide1.4.0/stm32cubeide_1.4.0/stm32cubeide/plugins/com.st.stm32cube.ide.mcu.externaltools.gnu-tools-for-stm32.7-2018-q2-update.win32_1.4.0.202007081208/tools/bin/../lib/gcc/arm-none-eabi/7.3.1/../../../../arm-none-eabi/lib/thumb/v7e-m/fpv4-sp/hard\libc_nano.a(lib_a-errno.o)
 .debug_frame   0x0000000000001904       0x2c d:/stm32cubeide1.4.0/stm32cubeide_1.4.0/stm32cubeide/plugins/com.st.stm32cube.ide.mcu.externaltools.gnu-tools-for-stm32.7-2018-q2-update.win32_1.4.0.202007081208/tools/bin/../lib/gcc/arm-none-eabi/7.3.1/../../../../arm-none-eabi/lib/thumb/v7e-m/fpv4-sp/hard\libc_nano.a(lib_a-init.o)
 .debug_frame   0x0000000000001930       0x20 d:/stm32cubeide1.4.0/stm32cubeide_1.4.0/stm32cubeide/plugins/com.st.stm32cube.ide.mcu.externaltools.gnu-tools-for-stm32.7-2018-q2-update.win32_1.4.0.202007081208/tools/bin/../lib/gcc/arm-none-eabi/7.3.1/../../../../arm-none-eabi/lib/thumb/v7e-m/fpv4-sp/hard\libc_nano.a(lib_a-memset.o)
 .debug_frame   0x0000000000001950       0x6c d:/stm32cubeide1.4.0/stm32cubeide_1.4.0/stm32cubeide/plugins/com.st.stm32cube.ide.mcu.externaltools.gnu-tools-for-stm32.7-2018-q2-update.win32_1.4.0.202007081208/tools/bin/../lib/gcc/arm-none-eabi/7.3.1/../../../../arm-none-eabi/lib/thumb/v7e-m/fpv4-sp/hard\libc_nano.a(lib_a-sprintf.o)
 .debug_frame   0x00000000000019bc       0x28 d:/stm32cubeide1.4.0/stm32cubeide_1.4.0/stm32cubeide/plugins/com.st.stm32cube.ide.mcu.externaltools.gnu-tools-for-stm32.7-2018-q2-update.win32_1.4.0.202007081208/tools/bin/../lib/gcc/arm-none-eabi/7.3.1/../../../../arm-none-eabi/lib/thumb/v7e-m/fpv4-sp/hard\libc_nano.a(lib_a-strcat.o)
 .debug_frame   0x00000000000019e4      0x108 d:/stm32cubeide1.4.0/stm32cubeide_1.4.0/stm32cubeide/plugins/com.st.stm32cube.ide.mcu.externaltools.gnu-tools-for-stm32.7-2018-q2-update.win32_1.4.0.202007081208/tools/bin/../lib/gcc/arm-none-eabi/7.3.1/../../../../arm-none-eabi/lib/thumb/v7e-m/fpv4-sp/hard\libc_nano.a(lib_a-ecvtbuf.o)
 .debug_frame   0x0000000000001aec      0x244 d:/stm32cubeide1.4.0/stm32cubeide_1.4.0/stm32cubeide/plugins/com.st.stm32cube.ide.mcu.externaltools.gnu-tools-for-stm32.7-2018-q2-update.win32_1.4.0.202007081208/tools/bin/../lib/gcc/arm-none-eabi/7.3.1/../../../../arm-none-eabi/lib/thumb/v7e-m/fpv4-sp/hard\libc_nano.a(lib_a-mprec.o)
 .debug_frame   0x0000000000001d30       0x2c d:/stm32cubeide1.4.0/stm32cubeide_1.4.0/stm32cubeide/plugins/com.st.stm32cube.ide.mcu.externaltools.gnu-tools-for-stm32.7-2018-q2-update.win32_1.4.0.202007081208/tools/bin/../lib/gcc/arm-none-eabi/7.3.1/../../../../arm-none-eabi/lib/thumb/v7e-m/fpv4-sp/hard\libc_nano.a(lib_a-nano-callocr.o)
 .debug_frame   0x0000000000001d5c       0x2c d:/stm32cubeide1.4.0/stm32cubeide_1.4.0/stm32cubeide/plugins/com.st.stm32cube.ide.mcu.externaltools.gnu-tools-for-stm32.7-2018-q2-update.win32_1.4.0.202007081208/tools/bin/../lib/gcc/arm-none-eabi/7.3.1/../../../../arm-none-eabi/lib/thumb/v7e-m/fpv4-sp/hard\libc_nano.a(lib_a-nano-mallocr.o)
 .debug_frame   0x0000000000001d88       0x3c d:/stm32cubeide1.4.0/stm32cubeide_1.4.0/stm32cubeide/plugins/com.st.stm32cube.ide.mcu.externaltools.gnu-tools-for-stm32.7-2018-q2-update.win32_1.4.0.202007081208/tools/bin/../lib/gcc/arm-none-eabi/7.3.1/../../../../arm-none-eabi/lib/thumb/v7e-m/fpv4-sp/hard\libc_nano.a(lib_a-nano-reallocr.o)
 .debug_frame   0x0000000000001dc4       0x90 d:/stm32cubeide1.4.0/stm32cubeide_1.4.0/stm32cubeide/plugins/com.st.stm32cube.ide.mcu.externaltools.gnu-tools-for-stm32.7-2018-q2-update.win32_1.4.0.202007081208/tools/bin/../lib/gcc/arm-none-eabi/7.3.1/../../../../arm-none-eabi/lib/thumb/v7e-m/fpv4-sp/hard\libc_nano.a(lib_a-nano-svfprintf.o)
 .debug_frame   0x0000000000001e54       0x60 d:/stm32cubeide1.4.0/stm32cubeide_1.4.0/stm32cubeide/plugins/com.st.stm32cube.ide.mcu.externaltools.gnu-tools-for-stm32.7-2018-q2-update.win32_1.4.0.202007081208/tools/bin/../lib/gcc/arm-none-eabi/7.3.1/../../../../arm-none-eabi/lib/thumb/v7e-m/fpv4-sp/hard\libc_nano.a(lib_a-nano-vfprintf_i.o)
 .debug_frame   0x0000000000001eb4       0x2c d:/stm32cubeide1.4.0/stm32cubeide_1.4.0/stm32cubeide/plugins/com.st.stm32cube.ide.mcu.externaltools.gnu-tools-for-stm32.7-2018-q2-update.win32_1.4.0.202007081208/tools/bin/../lib/gcc/arm-none-eabi/7.3.1/../../../../arm-none-eabi/lib/thumb/v7e-m/fpv4-sp/hard\libc_nano.a(lib_a-sbrkr.o)
 .debug_frame   0x0000000000001ee0       0x20 d:/stm32cubeide1.4.0/stm32cubeide_1.4.0/stm32cubeide/plugins/com.st.stm32cube.ide.mcu.externaltools.gnu-tools-for-stm32.7-2018-q2-update.win32_1.4.0.202007081208/tools/bin/../lib/gcc/arm-none-eabi/7.3.1/../../../../arm-none-eabi/lib/thumb/v7e-m/fpv4-sp/hard\libc_nano.a(lib_a-strcpy.o)
 .debug_frame   0x0000000000001f00       0x70 d:/stm32cubeide1.4.0/stm32cubeide_1.4.0/stm32cubeide/plugins/com.st.stm32cube.ide.mcu.externaltools.gnu-tools-for-stm32.7-2018-q2-update.win32_1.4.0.202007081208/tools/bin/../lib/gcc/arm-none-eabi/7.3.1/../../../../arm-none-eabi/lib/thumb/v7e-m/fpv4-sp/hard\libc_nano.a(lib_a-dtoa.o)
 .debug_frame   0x0000000000001f70       0x30 d:/stm32cubeide1.4.0/stm32cubeide_1.4.0/stm32cubeide/plugins/com.st.stm32cube.ide.mcu.externaltools.gnu-tools-for-stm32.7-2018-q2-update.win32_1.4.0.202007081208/tools/bin/../lib/gcc/arm-none-eabi/7.3.1/../../../../arm-none-eabi/lib/thumb/v7e-m/fpv4-sp/hard\libc_nano.a(lib_a-malloc.o)
 .debug_frame   0x0000000000001fa0       0x28 d:/stm32cubeide1.4.0/stm32cubeide_1.4.0/stm32cubeide/plugins/com.st.stm32cube.ide.mcu.externaltools.gnu-tools-for-stm32.7-2018-q2-update.win32_1.4.0.202007081208/tools/bin/../lib/gcc/arm-none-eabi/7.3.1/../../../../arm-none-eabi/lib/thumb/v7e-m/fpv4-sp/hard\libc_nano.a(lib_a-memcpy-stub.o)
 .debug_frame   0x0000000000001fc8       0x28 d:/stm32cubeide1.4.0/stm32cubeide_1.4.0/stm32cubeide/plugins/com.st.stm32cube.ide.mcu.externaltools.gnu-tools-for-stm32.7-2018-q2-update.win32_1.4.0.202007081208/tools/bin/../lib/gcc/arm-none-eabi/7.3.1/../../../../arm-none-eabi/lib/thumb/v7e-m/fpv4-sp/hard\libc_nano.a(lib_a-memmove.o)
 .debug_frame   0x0000000000001ff0       0x30 d:/stm32cubeide1.4.0/stm32cubeide_1.4.0/stm32cubeide/plugins/com.st.stm32cube.ide.mcu.externaltools.gnu-tools-for-stm32.7-2018-q2-update.win32_1.4.0.202007081208/tools/bin/../lib/gcc/arm-none-eabi/7.3.1/../../../../arm-none-eabi/lib/thumb/v7e-m/fpv4-sp/hard\libc_nano.a(lib_a-mlock.o)
 .debug_frame   0x0000000000002020       0x38 d:/stm32cubeide1.4.0/stm32cubeide_1.4.0/stm32cubeide/plugins/com.st.stm32cube.ide.mcu.externaltools.gnu-tools-for-stm32.7-2018-q2-update.win32_1.4.0.202007081208/tools/bin/../lib/gcc/arm-none-eabi/7.3.1/../../../../arm-none-eabi/lib/thumb/v7e-m/fpv4-sp/hard\libc_nano.a(lib_a-nano-freer.o)
 .debug_frame   0x0000000000002058       0x20 d:/stm32cubeide1.4.0/stm32cubeide_1.4.0/stm32cubeide/plugins/com.st.stm32cube.ide.mcu.externaltools.gnu-tools-for-stm32.7-2018-q2-update.win32_1.4.0.202007081208/tools/bin/../lib/gcc/arm-none-eabi/7.3.1/../../../../arm-none-eabi/lib/thumb/v7e-m/fpv4-sp/hard\libc_nano.a(lib_a-nano-msizer.o)
 .debug_frame   0x0000000000002078       0x5c d:/stm32cubeide1.4.0/stm32cubeide_1.4.0/stm32cubeide/plugins/com.st.stm32cube.ide.mcu.externaltools.gnu-tools-for-stm32.7-2018-q2-update.win32_1.4.0.202007081208/tools/bin/../lib/gcc/arm-none-eabi/7.3.1/../../../../arm-none-eabi/lib/thumb/v7e-m/fpv4-sp/hard\libc_nano.a(lib_a-reent.o)
 .debug_frame   0x00000000000020d4       0xac d:/stm32cubeide1.4.0/stm32cubeide_1.4.0/stm32cubeide/plugins/com.st.stm32cube.ide.mcu.externaltools.gnu-tools-for-stm32.7-2018-q2-update.win32_1.4.0.202007081208/tools/bin/../lib/gcc/arm-none-eabi/7.3.1/thumb/v7e-m/fpv4-sp/hard\libgcc.a(_arm_addsubdf3.o)
 .debug_frame   0x0000000000002180       0x50 d:/stm32cubeide1.4.0/stm32cubeide_1.4.0/stm32cubeide/plugins/com.st.stm32cube.ide.mcu.externaltools.gnu-tools-for-stm32.7-2018-q2-update.win32_1.4.0.202007081208/tools/bin/../lib/gcc/arm-none-eabi/7.3.1/thumb/v7e-m/fpv4-sp/hard\libgcc.a(_arm_muldivdf3.o)
 .debug_frame   0x00000000000021d0       0xc4 d:/stm32cubeide1.4.0/stm32cubeide_1.4.0/stm32cubeide/plugins/com.st.stm32cube.ide.mcu.externaltools.gnu-tools-for-stm32.7-2018-q2-update.win32_1.4.0.202007081208/tools/bin/../lib/gcc/arm-none-eabi/7.3.1/thumb/v7e-m/fpv4-sp/hard\libgcc.a(_arm_cmpdf2.o)
 .debug_frame   0x0000000000002294       0x24 d:/stm32cubeide1.4.0/stm32cubeide_1.4.0/stm32cubeide/plugins/com.st.stm32cube.ide.mcu.externaltools.gnu-tools-for-stm32.7-2018-q2-update.win32_1.4.0.202007081208/tools/bin/../lib/gcc/arm-none-eabi/7.3.1/thumb/v7e-m/fpv4-sp/hard\libgcc.a(_arm_fixdfsi.o)
